Sep 17 01:27:09 DESKTOP-UFL758O kernel: [13178.812676] hv_utils: TimeSync IC version 4.0
Sep 17 05:57:12 DESKTOP-UFL758O kernel: [14250.974413] hv_utils: TimeSync IC version 4.0
Sep 18 09:50:20 DESKTOP-UFL758O kernel: [    0.000000] Linux version 5.15.90.1-microsoft-standard-WSL2 (oe-user@oe-host) (x86_64-msft-linux-gcc (GCC) 9.3.0, GNU ld (GNU Binutils) 2.34.0.20200220) #1 SMP Fri Jan 27 02:56:13 UTC 2023
Sep 18 09:50:20 DESKTOP-UFL758O kernel: [    0.000000] Command line: initrd=\initrd.img WSL_ROOT_INIT=1 panic=-1 nr_cpus=2 bonding.max_bonds=0 dummy.numdummies=0 fb_tunnels=none swiotlb=force console=hvc0 debug pty.legacy_count=0
Sep 18 09:50:20 DESKTOP-UFL758O kernel: [    0.000000] KERNEL supported cpus:
Sep 18 09:50:20 DESKTOP-UFL758O kernel: [    0.000000]   Intel GenuineIntel
Sep 18 09:50:20 DESKTOP-UFL758O kernel: [    0.000000]   AMD AuthenticAMD
Sep 18 09:50:20 DESKTOP-UFL758O kernel: [    0.000000]   Centaur CentaurHauls
Sep 18 09:50:20 DESKTOP-UFL758O kernel: [    0.000000] x86/fpu: Supporting XSAVE feature 0x001: 'x87 floating point registers'
Sep 18 09:50:20 DESKTOP-UFL758O kernel: [    0.000000] x86/fpu: Supporting XSAVE feature 0x002: 'SSE registers'
Sep 18 09:50:20 DESKTOP-UFL758O kernel: [    0.000000] x86/fpu: Enabled xstate features 0x3, context size is 576 bytes, using 'compacted' format.
Sep 18 09:50:20 DESKTOP-UFL758O kernel: [    0.000000] signal: max sigframe size: 1520
Sep 18 09:50:20 DESKTOP-UFL758O kernel: [    0.000000] BIOS-provided physical RAM map:
Sep 18 09:50:20 DESKTOP-UFL758O kernel: [    0.000000] BIOS-e820: [mem 0x0000000000000000-0x000000000009ffff] usable
Sep 18 09:50:20 DESKTOP-UFL758O kernel: [    0.000000] BIOS-e820: [mem 0x00000000000e0000-0x00000000000e0fff] reserved
Sep 18 09:50:20 DESKTOP-UFL758O kernel: [    0.000000] BIOS-e820: [mem 0x0000000000100000-0x00000000001fffff] ACPI data
Sep 18 09:50:20 DESKTOP-UFL758O kernel: [    0.000000] BIOS-e820: [mem 0x0000000000200000-0x00000000f7ffffff] usable
Sep 18 09:50:20 DESKTOP-UFL758O kernel: [    0.000000] BIOS-e820: [mem 0x0000000100000000-0x00000001025fffff] usable
Sep 18 09:50:20 DESKTOP-UFL758O kernel: [    0.000000] NX (Execute Disable) protection: active
Sep 18 09:50:20 DESKTOP-UFL758O kernel: [    0.000000] DMI not present or invalid.
Sep 18 09:50:20 DESKTOP-UFL758O kernel: [    0.000000] Hypervisor detected: Microsoft Hyper-V
Sep 18 09:50:20 DESKTOP-UFL758O kernel: [    0.000000] Hyper-V: privilege flags low 0xae7f, high 0x3b8030, hints 0xe4e24, misc 0xe4bed7b6
Sep 18 09:50:20 DESKTOP-UFL758O kernel: [    0.000000] Hyper-V Host Build:22621-10.0-2-0.2283
Sep 18 09:50:20 DESKTOP-UFL758O kernel: [    0.000000] Hyper-V: Nested features: 0x3e0101
Sep 18 09:50:20 DESKTOP-UFL758O kernel: [    0.000000] Hyper-V: LAPIC Timer Frequency: 0x1e8480
Sep 18 09:50:20 DESKTOP-UFL758O kernel: [    0.000000] Hyper-V: Using hypercall for remote TLB flush
Sep 18 09:50:20 DESKTOP-UFL758O kernel: [    0.000000] clocksource: hyperv_clocksource_tsc_page: mask: 0xffffffffffffffff max_cycles: 0x24e6a1710, max_idle_ns: 440795202120 ns
Sep 18 09:50:20 DESKTOP-UFL758O kernel: [    0.000005] tsc: Detected 1094.398 MHz processor
Sep 18 09:50:20 DESKTOP-UFL758O kernel: [    0.000032] e820: update [mem 0x00000000-0x00000fff] usable ==> reserved
Sep 18 09:50:20 DESKTOP-UFL758O kernel: [    0.000038] e820: remove [mem 0x000a0000-0x000fffff] usable
Sep 18 09:50:20 DESKTOP-UFL758O kernel: [    0.000043] last_pfn = 0x102600 max_arch_pfn = 0x400000000
Sep 18 09:50:20 DESKTOP-UFL758O kernel: [    0.000096] x86/PAT: Configuration [0-7]: WB  WC  UC- UC  WB  WP  UC- WT  
Sep 18 09:50:20 DESKTOP-UFL758O kernel: [    0.000118] last_pfn = 0xf8000 max_arch_pfn = 0x400000000
Sep 18 09:50:20 DESKTOP-UFL758O kernel: [    0.000139] Using GB pages for direct mapping
Sep 18 09:50:20 DESKTOP-UFL758O kernel: [    0.000653] RAMDISK: [mem 0x03a35000-0x03c18fff]
Sep 18 09:50:20 DESKTOP-UFL758O kernel: [    0.000658] ACPI: Early table checksum verification disabled
Sep 18 09:50:20 DESKTOP-UFL758O kernel: [    0.000675] ACPI: RSDP 0x00000000000E0000 000024 (v02 VRTUAL)
Sep 18 09:50:20 DESKTOP-UFL758O kernel: [    0.000682] ACPI: XSDT 0x0000000000100000 000044 (v01 VRTUAL MICROSFT 00000001 MSFT 00000001)
Sep 18 09:50:20 DESKTOP-UFL758O kernel: [    0.000691] ACPI: FACP 0x0000000000101000 000114 (v06 VRTUAL MICROSFT 00000001 MSFT 00000001)
Sep 18 09:50:20 DESKTOP-UFL758O kernel: [    0.000700] ACPI: DSDT 0x00000000001011B8 01E191 (v02 MSFTVM DSDT01   00000001 MSFT 05000000)
Sep 18 09:50:20 DESKTOP-UFL758O kernel: [    0.000707] ACPI: FACS 0x0000000000101114 000040
Sep 18 09:50:20 DESKTOP-UFL758O kernel: [    0.000712] ACPI: OEM0 0x0000000000101154 000064 (v01 VRTUAL MICROSFT 00000001 MSFT 00000001)
Sep 18 09:50:20 DESKTOP-UFL758O kernel: [    0.000719] ACPI: SRAT 0x000000000011F349 0002D0 (v02 VRTUAL MICROSFT 00000001 MSFT 00000001)
Sep 18 09:50:20 DESKTOP-UFL758O kernel: [    0.000724] ACPI: APIC 0x000000000011F619 000058 (v04 VRTUAL MICROSFT 00000001 MSFT 00000001)
Sep 18 09:50:20 DESKTOP-UFL758O kernel: [    0.000729] ACPI: Reserving FACP table memory at [mem 0x101000-0x101113]
Sep 18 09:50:20 DESKTOP-UFL758O kernel: [    0.000732] ACPI: Reserving DSDT table memory at [mem 0x1011b8-0x11f348]
Sep 18 09:50:20 DESKTOP-UFL758O kernel: [    0.000734] ACPI: Reserving FACS table memory at [mem 0x101114-0x101153]
Sep 18 09:50:20 DESKTOP-UFL758O kernel: [    0.000736] ACPI: Reserving OEM0 table memory at [mem 0x101154-0x1011b7]
Sep 18 09:50:20 DESKTOP-UFL758O kernel: [    0.000738] ACPI: Reserving SRAT table memory at [mem 0x11f349-0x11f618]
Sep 18 09:50:20 DESKTOP-UFL758O kernel: [    0.000740] ACPI: Reserving APIC table memory at [mem 0x11f619-0x11f670]
Sep 18 09:50:20 DESKTOP-UFL758O kernel: [    0.005346] Zone ranges:
Sep 18 09:50:20 DESKTOP-UFL758O kernel: [    0.005355]   DMA      [mem 0x0000000000001000-0x0000000000ffffff]
Sep 18 09:50:20 DESKTOP-UFL758O kernel: [    0.005360]   DMA32    [mem 0x0000000001000000-0x00000000ffffffff]
Sep 18 09:50:20 DESKTOP-UFL758O kernel: [    0.005363]   Normal   [mem 0x0000000100000000-0x00000001025fffff]
Sep 18 09:50:20 DESKTOP-UFL758O kernel: [    0.005366]   Device   empty
Sep 18 09:50:20 DESKTOP-UFL758O kernel: [    0.005369] Movable zone start for each node
Sep 18 09:50:20 DESKTOP-UFL758O kernel: [    0.005370] Early memory node ranges
Sep 18 09:50:20 DESKTOP-UFL758O kernel: [    0.005372]   node   0: [mem 0x0000000000001000-0x000000000009ffff]
Sep 18 09:50:20 DESKTOP-UFL758O kernel: [    0.005375]   node   0: [mem 0x0000000000200000-0x00000000f7ffffff]
Sep 18 09:50:20 DESKTOP-UFL758O kernel: [    0.005377]   node   0: [mem 0x0000000100000000-0x00000001025fffff]
Sep 18 09:50:20 DESKTOP-UFL758O kernel: [    0.005380] Initmem setup node 0 [mem 0x0000000000001000-0x00000001025fffff]
Sep 18 09:50:20 DESKTOP-UFL758O kernel: [    0.005707] On node 0, zone DMA: 1 pages in unavailable ranges
Sep 18 09:50:20 DESKTOP-UFL758O kernel: [    0.005775] On node 0, zone DMA: 352 pages in unavailable ranges
Sep 18 09:50:20 DESKTOP-UFL758O kernel: [    0.043031] On node 0, zone Normal: 23040 pages in unavailable ranges
Sep 18 09:50:20 DESKTOP-UFL758O kernel: [    0.043121] ACPI: LAPIC_NMI (acpi_id[0x01] dfl dfl lint[0x1])
Sep 18 09:50:20 DESKTOP-UFL758O kernel: [    0.048701] IOAPIC[0]: apic_id 2, version 17, address 0xfec00000, GSI 0-23
Sep 18 09:50:20 DESKTOP-UFL758O kernel: [    0.048722] ACPI: INT_SRC_OVR (bus 0 bus_irq 9 global_irq 9 high level)
Sep 18 09:50:20 DESKTOP-UFL758O kernel: [    0.048730] ACPI: Using ACPI (MADT) for SMP configuration information
Sep 18 09:50:20 DESKTOP-UFL758O kernel: [    0.048732] TSC deadline timer available
Sep 18 09:50:20 DESKTOP-UFL758O kernel: [    0.048735] smpboot: Allowing 2 CPUs, 0 hotplug CPUs
Sep 18 09:50:20 DESKTOP-UFL758O kernel: [    0.048753] [mem 0xf8000000-0xffffffff] available for PCI devices
Sep 18 09:50:20 DESKTOP-UFL758O kernel: [    0.048756] Booting paravirtualized kernel on Hyper-V
Sep 18 09:50:20 DESKTOP-UFL758O kernel: [    0.048760] clocksource: refined-jiffies: mask: 0xffffffff max_cycles: 0xffffffff, max_idle_ns: 19112604462750000 ns
Sep 18 09:50:20 DESKTOP-UFL758O kernel: [    0.066267] setup_percpu: NR_CPUS:256 nr_cpumask_bits:256 nr_cpu_ids:2 nr_node_ids:1
Sep 18 09:50:20 DESKTOP-UFL758O kernel: [    0.067746] percpu: Embedded 53 pages/cpu s177496 r8192 d31400 u1048576
Sep 18 09:50:20 DESKTOP-UFL758O kernel: [    0.067763] pcpu-alloc: s177496 r8192 d31400 u1048576 alloc=1*2097152
Sep 18 09:50:20 DESKTOP-UFL758O kernel: [    0.067769] pcpu-alloc: [0] 0 1 
Sep 18 09:50:20 DESKTOP-UFL758O kernel: [    0.067791] Hyper-V: PV spinlocks enabled
Sep 18 09:50:20 DESKTOP-UFL758O kernel: [    0.067795] PV qspinlock hash table entries: 256 (order: 0, 4096 bytes, linear)
Sep 18 09:50:20 DESKTOP-UFL758O kernel: [    0.067802] Built 1 zonelists, mobility grouping on.  Total pages: 1008493
Sep 18 09:50:20 DESKTOP-UFL758O kernel: [    0.067807] Kernel command line: initrd=\initrd.img WSL_ROOT_INIT=1 panic=-1 nr_cpus=2 bonding.max_bonds=0 dummy.numdummies=0 fb_tunnels=none swiotlb=force console=hvc0 debug pty.legacy_count=0
Sep 18 09:50:20 DESKTOP-UFL758O kernel: [    0.068005] Unknown kernel command line parameters "WSL_ROOT_INIT=1", will be passed to user space.
Sep 18 09:50:20 DESKTOP-UFL758O kernel: [    0.069338] Dentry cache hash table entries: 524288 (order: 10, 4194304 bytes, linear)
Sep 18 09:50:20 DESKTOP-UFL758O kernel: [    0.069721] Inode-cache hash table entries: 262144 (order: 9, 2097152 bytes, linear)
Sep 18 09:50:20 DESKTOP-UFL758O kernel: [    0.069782] mem auto-init: stack:off, heap alloc:off, heap free:off
Sep 18 09:50:20 DESKTOP-UFL758O kernel: [    0.166333] Memory: 3916384K/4100732K available (18452K kernel code, 2628K rwdata, 9776K rodata, 2008K init, 1892K bss, 184092K reserved, 0K cma-reserved)
Sep 18 09:50:20 DESKTOP-UFL758O kernel: [    0.166405] SLUB: HWalign=64, Order=0-3, MinObjects=0, CPUs=2, Nodes=1
Sep 18 09:50:20 DESKTOP-UFL758O kernel: [    0.166420] Kernel/User page tables isolation: enabled
Sep 18 09:50:20 DESKTOP-UFL758O kernel: [    0.166441] ftrace: allocating 54631 entries in 214 pages
Sep 18 09:50:20 DESKTOP-UFL758O kernel: [    0.217403] ftrace: allocated 214 pages with 5 groups
Sep 18 09:50:20 DESKTOP-UFL758O kernel: [    0.217898] rcu: Hierarchical RCU implementation.
Sep 18 09:50:20 DESKTOP-UFL758O kernel: [    0.217901] rcu: 	RCU restricting CPUs from NR_CPUS=256 to nr_cpu_ids=2.
Sep 18 09:50:20 DESKTOP-UFL758O kernel: [    0.217904] 	Rude variant of Tasks RCU enabled.
Sep 18 09:50:20 DESKTOP-UFL758O kernel: [    0.217905] 	Tracing variant of Tasks RCU enabled.
Sep 18 09:50:20 DESKTOP-UFL758O kernel: [    0.217907] rcu: RCU calculated value of scheduler-enlistment delay is 10 jiffies.
Sep 18 09:50:20 DESKTOP-UFL758O kernel: [    0.217909] rcu: Adjusting geometry for rcu_fanout_leaf=16, nr_cpu_ids=2
Sep 18 09:50:20 DESKTOP-UFL758O kernel: [    0.227333] Using NULL legacy PIC
Sep 18 09:50:20 DESKTOP-UFL758O kernel: [    0.227341] NR_IRQS: 16640, nr_irqs: 440, preallocated irqs: 0
Sep 18 09:50:20 DESKTOP-UFL758O kernel: [    0.228060] random: crng init done
Sep 18 09:50:20 DESKTOP-UFL758O kernel: [    0.228104] Console: colour dummy device 80x25
Sep 18 09:50:20 DESKTOP-UFL758O kernel: [    0.228120] ACPI: Core revision 20210730
Sep 18 09:50:20 DESKTOP-UFL758O kernel: [    0.228329] Failed to register legacy timer interrupt
Sep 18 09:50:20 DESKTOP-UFL758O kernel: [    0.228331] APIC: Switch to symmetric I/O mode setup
Sep 18 09:50:20 DESKTOP-UFL758O kernel: [    0.233155] x2apic enabled
Sep 18 09:50:20 DESKTOP-UFL758O kernel: [    0.238441] Switched APIC routing to physical x2apic.
Sep 18 09:50:20 DESKTOP-UFL758O kernel: [    0.238496] Hyper-V: Using IPI hypercalls
Sep 18 09:50:20 DESKTOP-UFL758O kernel: [    0.238600] clocksource: tsc-early: mask: 0xffffffffffffffff max_cycles: 0xfc66d6d9ff, max_idle_ns: 440795228903 ns
Sep 18 09:50:20 DESKTOP-UFL758O kernel: [    0.238615] Calibrating delay loop (skipped), value calculated using timer frequency.. 2188.79 BogoMIPS (lpj=10943980)
Sep 18 09:50:20 DESKTOP-UFL758O kernel: [    0.238620] pid_max: default: 32768 minimum: 301
Sep 18 09:50:20 DESKTOP-UFL758O kernel: [    0.238648] LSM: Security Framework initializing
Sep 18 09:50:20 DESKTOP-UFL758O kernel: [    0.238657] landlock: Up and running.
Sep 18 09:50:20 DESKTOP-UFL758O kernel: [    0.238689] Mount-cache hash table entries: 8192 (order: 4, 65536 bytes, linear)
Sep 18 09:50:20 DESKTOP-UFL758O kernel: [    0.238702] Mountpoint-cache hash table entries: 8192 (order: 4, 65536 bytes, linear)
Sep 18 09:50:20 DESKTOP-UFL758O kernel: [    0.239132] x86/cpu: User Mode Instruction Prevention (UMIP) activated
Sep 18 09:50:20 DESKTOP-UFL758O kernel: [    0.239157] Last level iTLB entries: 4KB 0, 2MB 0, 4MB 0
Sep 18 09:50:20 DESKTOP-UFL758O kernel: [    0.239160] Last level dTLB entries: 4KB 0, 2MB 0, 4MB 0, 1GB 0
Sep 18 09:50:20 DESKTOP-UFL758O kernel: [    0.239166] Spectre V1 : Mitigation: usercopy/swapgs barriers and __user pointer sanitization
Sep 18 09:50:20 DESKTOP-UFL758O kernel: [    0.239171] Spectre V2 : Mitigation: Enhanced IBRS
Sep 18 09:50:20 DESKTOP-UFL758O kernel: [    0.239174] Spectre V2 : Spectre v2 / SpectreRSB mitigation: Filling RSB on context switch
Sep 18 09:50:20 DESKTOP-UFL758O kernel: [    0.239175] RETBleed: Mitigation: Enhanced IBRS
Sep 18 09:50:20 DESKTOP-UFL758O kernel: [    0.239178] Spectre V2 : mitigation: Enabling conditional Indirect Branch Prediction Barrier
Sep 18 09:50:20 DESKTOP-UFL758O kernel: [    0.239181] Speculative Store Bypass: Mitigation: Speculative Store Bypass disabled via prctl and seccomp
Sep 18 09:50:20 DESKTOP-UFL758O kernel: [    0.248608] Freeing SMP alternatives memory: 60K
Sep 18 09:50:20 DESKTOP-UFL758O kernel: [    0.248608] smpboot: CPU0: Intel(R) Celeron(R) N4000 CPU @ 1.10GHz (family: 0x6, model: 0x7a, stepping: 0x1)
Sep 18 09:50:20 DESKTOP-UFL758O kernel: [    0.248608] Performance Events: Goldmont plus events, 32-deep LBR, full-width counters, Intel PMU driver.
Sep 18 09:50:20 DESKTOP-UFL758O kernel: [    0.248608] ... version:                4
Sep 18 09:50:20 DESKTOP-UFL758O kernel: [    0.248608] ... bit width:              48
Sep 18 09:50:20 DESKTOP-UFL758O kernel: [    0.248608] ... generic registers:      4
Sep 18 09:50:20 DESKTOP-UFL758O kernel: [    0.248608] ... value mask:             0000ffffffffffff
Sep 18 09:50:20 DESKTOP-UFL758O kernel: [    0.248608] ... max period:             00007fffffffffff
Sep 18 09:50:20 DESKTOP-UFL758O kernel: [    0.248608] ... fixed-purpose events:   3
Sep 18 09:50:20 DESKTOP-UFL758O kernel: [    0.248608] ... event mask:             000000070000000f
Sep 18 09:50:20 DESKTOP-UFL758O kernel: [    0.248608] rcu: Hierarchical SRCU implementation.
Sep 18 09:50:20 DESKTOP-UFL758O kernel: [    0.248608] smp: Bringing up secondary CPUs ...
Sep 18 09:50:20 DESKTOP-UFL758O kernel: [    0.248608] x86: Booting SMP configuration:
Sep 18 09:50:20 DESKTOP-UFL758O kernel: [    0.248608] .... node  #0, CPUs:      #1
Sep 18 09:50:20 DESKTOP-UFL758O kernel: [    0.260163] smp: Brought up 1 node, 2 CPUs
Sep 18 09:50:20 DESKTOP-UFL758O kernel: [    0.260176] smpboot: Max logical packages: 1
Sep 18 09:50:20 DESKTOP-UFL758O kernel: [    0.260178] smpboot: Total of 2 processors activated (4377.59 BogoMIPS)
Sep 18 09:50:20 DESKTOP-UFL758O kernel: [    0.261561] devtmpfs: initialized
Sep 18 09:50:20 DESKTOP-UFL758O kernel: [    0.261561] x86/mm: Memory block size: 128MB
Sep 18 09:50:20 DESKTOP-UFL758O kernel: [    0.261561] clocksource: jiffies: mask: 0xffffffff max_cycles: 0xffffffff, max_idle_ns: 19112604462750000 ns
Sep 18 09:50:20 DESKTOP-UFL758O kernel: [    0.261561] futex hash table entries: 512 (order: 3, 32768 bytes, linear)
Sep 18 09:50:20 DESKTOP-UFL758O kernel: [    0.269453] NET: Registered PF_NETLINK/PF_ROUTE protocol family
Sep 18 09:50:20 DESKTOP-UFL758O kernel: [    0.269768] thermal_sys: Registered thermal governor 'step_wise'
Sep 18 09:50:20 DESKTOP-UFL758O kernel: [    0.269903] cpuidle: using governor menu
Sep 18 09:50:20 DESKTOP-UFL758O kernel: [    0.269903] ACPI: bus type PCI registered
Sep 18 09:50:20 DESKTOP-UFL758O kernel: [    0.269903] PCI: Fatal: No config space access function found
Sep 18 09:50:20 DESKTOP-UFL758O kernel: [    0.271136] Kprobes globally optimized
Sep 18 09:50:20 DESKTOP-UFL758O kernel: [    0.271233] HugeTLB registered 1.00 GiB page size, pre-allocated 0 pages
Sep 18 09:50:20 DESKTOP-UFL758O kernel: [    0.271233] HugeTLB registered 2.00 MiB page size, pre-allocated 0 pages
Sep 18 09:50:20 DESKTOP-UFL758O kernel: [    0.271233] raid6: skip pq benchmark and using algorithm sse2x4
Sep 18 09:50:20 DESKTOP-UFL758O kernel: [    0.271233] raid6: using ssse3x2 recovery algorithm
Sep 18 09:50:20 DESKTOP-UFL758O kernel: [    0.271233] ACPI: Added _OSI(Module Device)
Sep 18 09:50:20 DESKTOP-UFL758O kernel: [    0.271233] ACPI: Added _OSI(Processor Device)
Sep 18 09:50:20 DESKTOP-UFL758O kernel: [    0.271233] ACPI: Added _OSI(3.0 _SCP Extensions)
Sep 18 09:50:20 DESKTOP-UFL758O kernel: [    0.271233] ACPI: Added _OSI(Processor Aggregator Device)
Sep 18 09:50:20 DESKTOP-UFL758O kernel: [    0.271233] ACPI: Added _OSI(Linux-Dell-Video)
Sep 18 09:50:20 DESKTOP-UFL758O kernel: [    0.271233] ACPI: Added _OSI(Linux-Lenovo-NV-HDMI-Audio)
Sep 18 09:50:20 DESKTOP-UFL758O kernel: [    0.271233] ACPI: Added _OSI(Linux-HPI-Hybrid-Graphics)
Sep 18 09:50:20 DESKTOP-UFL758O kernel: [    0.287448] ACPI: 1 ACPI AML tables successfully acquired and loaded
Sep 18 09:50:20 DESKTOP-UFL758O kernel: [    0.289510] ACPI: Interpreter enabled
Sep 18 09:50:20 DESKTOP-UFL758O kernel: [    0.289518] ACPI: PM: (supports S0 S5)
Sep 18 09:50:20 DESKTOP-UFL758O kernel: [    0.289521] ACPI: Using IOAPIC for interrupt routing
Sep 18 09:50:20 DESKTOP-UFL758O kernel: [    0.289537] PCI: Using host bridge windows from ACPI; if necessary, use "pci=nocrs" and report a bug
Sep 18 09:50:20 DESKTOP-UFL758O kernel: [    0.289732] ACPI: Enabled 2 GPEs in block 00 to 0F
Sep 18 09:50:20 DESKTOP-UFL758O kernel: [    0.291905] iommu: Default domain type: Translated 
Sep 18 09:50:20 DESKTOP-UFL758O kernel: [    0.291909] iommu: DMA domain TLB invalidation policy: lazy mode 
Sep 18 09:50:20 DESKTOP-UFL758O kernel: [    0.292031] SCSI subsystem initialized
Sep 18 09:50:20 DESKTOP-UFL758O kernel: [    0.292047] ACPI: bus type USB registered
Sep 18 09:50:20 DESKTOP-UFL758O kernel: [    0.292063] usbcore: registered new interface driver usbfs
Sep 18 09:50:20 DESKTOP-UFL758O kernel: [    0.292072] usbcore: registered new interface driver hub
Sep 18 09:50:20 DESKTOP-UFL758O kernel: [    0.292079] usbcore: registered new device driver usb
Sep 18 09:50:20 DESKTOP-UFL758O kernel: [    0.292095] pps_core: LinuxPPS API ver. 1 registered
Sep 18 09:50:20 DESKTOP-UFL758O kernel: [    0.292097] pps_core: Software ver. 5.3.6 - Copyright 2005-2007 Rodolfo Giometti <giometti@linux.it>
Sep 18 09:50:20 DESKTOP-UFL758O kernel: [    0.292101] PTP clock support registered
Sep 18 09:50:20 DESKTOP-UFL758O kernel: [    0.292151] hv_vmbus: Vmbus version:5.3
Sep 18 09:50:20 DESKTOP-UFL758O kernel: [    0.292151] PCI: Using ACPI for IRQ routing
Sep 18 09:50:20 DESKTOP-UFL758O kernel: [    0.292151] PCI: System does not support PCI
Sep 18 09:50:20 DESKTOP-UFL758O kernel: [    0.292151] hv_vmbus: Unknown GUID: c376c1c3-d276-48d2-90a9-c04748072c60
Sep 18 09:50:20 DESKTOP-UFL758O kernel: [    0.292151] hv_vmbus: Unknown GUID: 6e382d18-3336-4f4b-acc4-2b7703d4df4a
Sep 18 09:50:20 DESKTOP-UFL758O kernel: [    0.292151] hv_vmbus: Unknown GUID: dde9cbc0-5060-4436-9448-ea1254a5d177
Sep 18 09:50:20 DESKTOP-UFL758O kernel: [    0.292151] clocksource: Switched to clocksource tsc-early
Sep 18 09:50:20 DESKTOP-UFL758O kernel: [    0.311445] VFS: Disk quotas dquot_6.6.0
Sep 18 09:50:20 DESKTOP-UFL758O kernel: [    0.311468] VFS: Dquot-cache hash table entries: 512 (order 0, 4096 bytes)
Sep 18 09:50:20 DESKTOP-UFL758O kernel: [    0.311498] FS-Cache: Loaded
Sep 18 09:50:20 DESKTOP-UFL758O kernel: [    0.311541] pnp: PnP ACPI init
Sep 18 09:50:20 DESKTOP-UFL758O kernel: [    0.312809] pnp: PnP ACPI: found 1 devices
Sep 18 09:50:20 DESKTOP-UFL758O kernel: [    0.329831] NET: Registered PF_INET protocol family
Sep 18 09:50:20 DESKTOP-UFL758O kernel: [    0.329942] IP idents hash table entries: 65536 (order: 7, 524288 bytes, linear)
Sep 18 09:50:20 DESKTOP-UFL758O kernel: [    0.330668] tcp_listen_portaddr_hash hash table entries: 2048 (order: 3, 32768 bytes, linear)
Sep 18 09:50:20 DESKTOP-UFL758O kernel: [    0.330680] Table-perturb hash table entries: 65536 (order: 6, 262144 bytes, linear)
Sep 18 09:50:20 DESKTOP-UFL758O kernel: [    0.330685] TCP established hash table entries: 32768 (order: 6, 262144 bytes, linear)
Sep 18 09:50:20 DESKTOP-UFL758O kernel: [    0.331197] TCP bind hash table entries: 32768 (order: 7, 524288 bytes, linear)
Sep 18 09:50:20 DESKTOP-UFL758O kernel: [    0.331276] TCP: Hash tables configured (established 32768 bind 32768)
Sep 18 09:50:20 DESKTOP-UFL758O kernel: [    0.331322] UDP hash table entries: 2048 (order: 4, 65536 bytes, linear)
Sep 18 09:50:20 DESKTOP-UFL758O kernel: [    0.331337] UDP-Lite hash table entries: 2048 (order: 4, 65536 bytes, linear)
Sep 18 09:50:20 DESKTOP-UFL758O kernel: [    0.331378] NET: Registered PF_UNIX/PF_LOCAL protocol family
Sep 18 09:50:20 DESKTOP-UFL758O kernel: [    0.338870] RPC: Registered named UNIX socket transport module.
Sep 18 09:50:20 DESKTOP-UFL758O kernel: [    0.338877] RPC: Registered udp transport module.
Sep 18 09:50:20 DESKTOP-UFL758O kernel: [    0.338879] RPC: Registered tcp transport module.
Sep 18 09:50:20 DESKTOP-UFL758O kernel: [    0.338880] RPC: Registered tcp NFSv4.1 backchannel transport module.
Sep 18 09:50:20 DESKTOP-UFL758O kernel: [    0.338887] PCI: CLS 0 bytes, default 64
Sep 18 09:50:20 DESKTOP-UFL758O kernel: [    0.338896] PCI-DMA: Using software bounce buffering for IO (SWIOTLB)
Sep 18 09:50:20 DESKTOP-UFL758O kernel: [    0.338898] software IO TLB: mapped [mem 0x00000000f0000000-0x00000000f4000000] (64MB)
Sep 18 09:50:20 DESKTOP-UFL758O kernel: [    0.339026] KVM: vmx: using Hyper-V Enlightened VMCS
Sep 18 09:50:20 DESKTOP-UFL758O kernel: [    0.342298] Trying to unpack rootfs image as initramfs...
Sep 18 09:50:20 DESKTOP-UFL758O kernel: [    0.356369] Freeing initrd memory: 1936K
Sep 18 09:50:20 DESKTOP-UFL758O kernel: [    0.756818] kvm: already loaded the other module
Sep 18 09:50:20 DESKTOP-UFL758O kernel: [    0.758068] Initialise system trusted keyrings
Sep 18 09:50:20 DESKTOP-UFL758O kernel: [    0.758206] workingset: timestamp_bits=46 max_order=20 bucket_order=0
Sep 18 09:50:20 DESKTOP-UFL758O kernel: [    0.760145] squashfs: version 4.0 (2009/01/31) Phillip Lougher
Sep 18 09:50:20 DESKTOP-UFL758O kernel: [    0.760417] NFS: Registering the id_resolver key type
Sep 18 09:50:20 DESKTOP-UFL758O kernel: [    0.760426] Key type id_resolver registered
Sep 18 09:50:20 DESKTOP-UFL758O kernel: [    0.760428] Key type id_legacy registered
Sep 18 09:50:20 DESKTOP-UFL758O kernel: [    0.760432] nfs4filelayout_init: NFSv4 File Layout Driver Registering...
Sep 18 09:50:20 DESKTOP-UFL758O kernel: [    0.760436] nfs4flexfilelayout_init: NFSv4 Flexfile Layout Driver Registering...
Sep 18 09:50:20 DESKTOP-UFL758O kernel: [    0.760438] Installing knfsd (copyright (C) 1996 okir@monad.swb.de).
Sep 18 09:50:20 DESKTOP-UFL758O kernel: [    0.762087] Key type cifs.idmap registered
Sep 18 09:50:20 DESKTOP-UFL758O kernel: [    0.762138] fuse: init (API version 7.34)
Sep 18 09:50:20 DESKTOP-UFL758O kernel: [    0.762238] SGI XFS with ACLs, security attributes, realtime, scrub, repair, quota, no debug enabled
Sep 18 09:50:20 DESKTOP-UFL758O kernel: [    0.762678] 9p: Installing v9fs 9p2000 file system support
Sep 18 09:50:20 DESKTOP-UFL758O kernel: [    0.762692] FS-Cache: Netfs '9p' registered for caching
Sep 18 09:50:20 DESKTOP-UFL758O kernel: [    0.762756] FS-Cache: Netfs 'ceph' registered for caching
Sep 18 09:50:20 DESKTOP-UFL758O kernel: [    0.762759] ceph: loaded (mds proto 32)
Sep 18 09:50:20 DESKTOP-UFL758O kernel: [    0.772599] NET: Registered PF_ALG protocol family
Sep 18 09:50:20 DESKTOP-UFL758O kernel: [    0.772606] xor: measuring software checksum speed
Sep 18 09:50:20 DESKTOP-UFL758O kernel: [    0.773312]    prefetch64-sse  : 14032 MB/sec
Sep 18 09:50:20 DESKTOP-UFL758O kernel: [    0.774226]    generic_sse     : 11850 MB/sec
Sep 18 09:50:20 DESKTOP-UFL758O kernel: [    0.774231] xor: using function: prefetch64-sse (14032 MB/sec)
Sep 18 09:50:20 DESKTOP-UFL758O kernel: [    0.774235] Key type asymmetric registered
Sep 18 09:50:20 DESKTOP-UFL758O kernel: [    0.774238] Asymmetric key parser 'x509' registered
Sep 18 09:50:20 DESKTOP-UFL758O kernel: [    0.774275] Block layer SCSI generic (bsg) driver version 0.4 loaded (major 248)
Sep 18 09:50:20 DESKTOP-UFL758O kernel: [    0.774461] hv_vmbus: registering driver hv_pci
Sep 18 09:50:20 DESKTOP-UFL758O kernel: [    0.774937] hv_pci 7c6cdc6e-b907-4e85-b9db-6fce88ef47de: PCI VMBus probing: Using version 0x10004
Sep 18 09:50:20 DESKTOP-UFL758O kernel: [    0.776788] hv_pci 7c6cdc6e-b907-4e85-b9db-6fce88ef47de: PCI host bridge to bus b907:00
Sep 18 09:50:20 DESKTOP-UFL758O kernel: [    0.776793] pci_bus b907:00: root bus resource [mem 0x9ffe00000-0x9ffe02fff window]
Sep 18 09:50:20 DESKTOP-UFL758O kernel: [    0.776796] pci_bus b907:00: No busn resource found for root bus, will use [bus 00-ff]
Sep 18 09:50:20 DESKTOP-UFL758O kernel: [    0.778498] pci b907:00:00.0: [1af4:1043] type 00 class 0x010000
Sep 18 09:50:20 DESKTOP-UFL758O kernel: [    0.780671] pci b907:00:00.0: reg 0x10: [mem 0x9ffe00000-0x9ffe00fff 64bit]
Sep 18 09:50:20 DESKTOP-UFL758O kernel: [    0.782127] pci b907:00:00.0: reg 0x18: [mem 0x9ffe01000-0x9ffe01fff 64bit]
Sep 18 09:50:20 DESKTOP-UFL758O kernel: [    0.783567] pci b907:00:00.0: reg 0x20: [mem 0x9ffe02000-0x9ffe02fff 64bit]
Sep 18 09:50:20 DESKTOP-UFL758O kernel: [    0.790358] pci_bus b907:00: busn_res: [bus 00-ff] end is updated to 00
Sep 18 09:50:20 DESKTOP-UFL758O kernel: [    0.790371] pci b907:00:00.0: BAR 0: assigned [mem 0x9ffe00000-0x9ffe00fff 64bit]
Sep 18 09:50:20 DESKTOP-UFL758O kernel: [    0.791349] pci b907:00:00.0: BAR 2: assigned [mem 0x9ffe01000-0x9ffe01fff 64bit]
Sep 18 09:50:20 DESKTOP-UFL758O kernel: [    0.792299] pci b907:00:00.0: BAR 4: assigned [mem 0x9ffe02000-0x9ffe02fff 64bit]
Sep 18 09:50:20 DESKTOP-UFL758O kernel: [    0.793741] hv_pci 7a31066d-06b2-4f3b-af05-8c89f5305118: PCI VMBus probing: Using version 0x10004
Sep 18 09:50:20 DESKTOP-UFL758O kernel: [    0.795128] hv_pci 7a31066d-06b2-4f3b-af05-8c89f5305118: PCI host bridge to bus 06b2:00
Sep 18 09:50:20 DESKTOP-UFL758O kernel: [    0.795132] pci_bus 06b2:00: No busn resource found for root bus, will use [bus 00-ff]
Sep 18 09:50:20 DESKTOP-UFL758O kernel: [    0.796042] pci 06b2:00:00.0: [1414:008e] type 00 class 0x030200
Sep 18 09:50:20 DESKTOP-UFL758O kernel: [    0.806117] pci_bus 06b2:00: busn_res: [bus 00-ff] end is updated to 00
Sep 18 09:50:20 DESKTOP-UFL758O kernel: [    0.806608] hv_pci 1fce4bb2-8745-4639-898d-8d3cd8bb8aa3: PCI VMBus probing: Using version 0x10004
Sep 18 09:50:20 DESKTOP-UFL758O kernel: [    0.808511] hv_pci 1fce4bb2-8745-4639-898d-8d3cd8bb8aa3: PCI host bridge to bus 8745:00
Sep 18 09:50:20 DESKTOP-UFL758O kernel: [    0.808515] pci_bus 8745:00: root bus resource [mem 0x9ffe04000-0x9ffe06fff window]
Sep 18 09:50:20 DESKTOP-UFL758O kernel: [    0.808519] pci_bus 8745:00: No busn resource found for root bus, will use [bus 00-ff]
Sep 18 09:50:20 DESKTOP-UFL758O kernel: [    0.810891] pci 8745:00:00.0: [1af4:1049] type 00 class 0x010000
Sep 18 09:50:20 DESKTOP-UFL758O kernel: [    0.812969] pci 8745:00:00.0: reg 0x10: [mem 0x9ffe04000-0x9ffe04fff 64bit]
Sep 18 09:50:20 DESKTOP-UFL758O kernel: [    0.814683] pci 8745:00:00.0: reg 0x18: [mem 0x9ffe05000-0x9ffe05fff 64bit]
Sep 18 09:50:20 DESKTOP-UFL758O kernel: [    0.816118] pci 8745:00:00.0: reg 0x20: [mem 0x9ffe06000-0x9ffe06fff 64bit]
Sep 18 09:50:20 DESKTOP-UFL758O kernel: [    0.824045] pci_bus 8745:00: busn_res: [bus 00-ff] end is updated to 00
Sep 18 09:50:20 DESKTOP-UFL758O kernel: [    0.824058] pci 8745:00:00.0: BAR 0: assigned [mem 0x9ffe04000-0x9ffe04fff 64bit]
Sep 18 09:50:20 DESKTOP-UFL758O kernel: [    0.825084] pci 8745:00:00.0: BAR 2: assigned [mem 0x9ffe05000-0x9ffe05fff 64bit]
Sep 18 09:50:20 DESKTOP-UFL758O kernel: [    0.826242] pci 8745:00:00.0: BAR 4: assigned [mem 0x9ffe06000-0x9ffe06fff 64bit]
Sep 18 09:50:20 DESKTOP-UFL758O kernel: [    0.827536] ACPI: AC: AC Adapter [AC1] (on-line)
Sep 18 09:50:20 DESKTOP-UFL758O kernel: [    0.828717] ACPI: battery: Slot [BAT1] (battery present)
Sep 18 09:50:20 DESKTOP-UFL758O kernel: [    0.845030] Serial: 8250/16550 driver, 4 ports, IRQ sharing disabled
Sep 18 09:50:20 DESKTOP-UFL758O kernel: [    0.932561] Non-volatile memory driver v1.3
Sep 18 09:50:20 DESKTOP-UFL758O kernel: [    0.932683] [drm] Initialized vgem 1.0.0 20120112 for vgem on minor 0
Sep 18 09:50:20 DESKTOP-UFL758O kernel: [    0.933340] printk: console [hvc0] enabled
Sep 18 09:50:20 DESKTOP-UFL758O kernel: [    0.935782] brd: module loaded
Sep 18 09:50:20 DESKTOP-UFL758O kernel: [    0.938115] loop: module loaded
Sep 18 09:50:20 DESKTOP-UFL758O kernel: [    0.938949] hv_vmbus: registering driver hv_storvsc
Sep 18 09:50:20 DESKTOP-UFL758O kernel: [    0.939889] wireguard: WireGuard 1.0.0 loaded. See www.wireguard.com for information.
Sep 18 09:50:20 DESKTOP-UFL758O kernel: [    0.940843] wireguard: Copyright (C) 2015-2019 Jason A. Donenfeld <Jason@zx2c4.com>. All Rights Reserved.
Sep 18 09:50:20 DESKTOP-UFL758O kernel: [    0.942095] tun: Universal TUN/TAP device driver, 1.6
Sep 18 09:50:20 DESKTOP-UFL758O kernel: [    0.943020] PPP generic driver version 2.4.2
Sep 18 09:50:20 DESKTOP-UFL758O kernel: [    0.944181] PPP BSD Compression module registered
Sep 18 09:50:20 DESKTOP-UFL758O kernel: [    0.945778] PPP Deflate Compression module registered
Sep 18 09:50:20 DESKTOP-UFL758O kernel: [    0.946845] PPP MPPE Compression module registered
Sep 18 09:50:20 DESKTOP-UFL758O kernel: [    0.947741] NET: Registered PF_PPPOX protocol family
Sep 18 09:50:20 DESKTOP-UFL758O kernel: [    0.948652] usbcore: registered new interface driver cdc_ether
Sep 18 09:50:20 DESKTOP-UFL758O kernel: [    0.949534] usbcore: registered new interface driver cdc_ncm
Sep 18 09:50:20 DESKTOP-UFL758O kernel: [    0.950339] usbcore: registered new interface driver r8153_ecm
Sep 18 09:50:20 DESKTOP-UFL758O kernel: [    0.951749] hv_vmbus: registering driver hv_netvsc
Sep 18 09:50:20 DESKTOP-UFL758O kernel: [    0.952492] VFIO - User Level meta-driver version: 0.3
Sep 18 09:50:20 DESKTOP-UFL758O kernel: [    0.953489] usbcore: registered new interface driver cdc_acm
Sep 18 09:50:20 DESKTOP-UFL758O kernel: [    0.954321] cdc_acm: USB Abstract Control Model driver for USB modems and ISDN adapters
Sep 18 09:50:20 DESKTOP-UFL758O kernel: [    0.955405] scsi host0: storvsc_host_t
Sep 18 09:50:20 DESKTOP-UFL758O kernel: [    0.955419] usbcore: registered new interface driver ch341
Sep 18 09:50:20 DESKTOP-UFL758O kernel: [    0.956696] usbserial: USB Serial support registered for ch341-uart
Sep 18 09:50:20 DESKTOP-UFL758O kernel: [    0.957478] usbcore: registered new interface driver cp210x
Sep 18 09:50:20 DESKTOP-UFL758O kernel: [    0.958112] usbserial: USB Serial support registered for cp210x
Sep 18 09:50:20 DESKTOP-UFL758O kernel: [    0.959204] usbcore: registered new interface driver ftdi_sio
Sep 18 09:50:20 DESKTOP-UFL758O kernel: [    0.960020] usbserial: USB Serial support registered for FTDI USB Serial Device
Sep 18 09:50:20 DESKTOP-UFL758O kernel: [    0.961128] vhci_hcd vhci_hcd.0: USB/IP Virtual Host Controller
Sep 18 09:50:20 DESKTOP-UFL758O kernel: [    0.961964] vhci_hcd vhci_hcd.0: new USB bus registered, assigned bus number 1
Sep 18 09:50:20 DESKTOP-UFL758O kernel: [    0.962909] vhci_hcd: created sysfs vhci_hcd.0
Sep 18 09:50:20 DESKTOP-UFL758O kernel: [    0.963618] usb usb1: New USB device found, idVendor=1d6b, idProduct=0002, bcdDevice= 5.15
Sep 18 09:50:20 DESKTOP-UFL758O kernel: [    0.964713] usb usb1: New USB device strings: Mfr=3, Product=2, SerialNumber=1
Sep 18 09:50:20 DESKTOP-UFL758O kernel: [    0.967121] usb usb1: Product: USB/IP Virtual Host Controller
Sep 18 09:50:20 DESKTOP-UFL758O kernel: [    0.968385] usb usb1: Manufacturer: Linux 5.15.90.1-microsoft-standard-WSL2 vhci_hcd
Sep 18 09:50:20 DESKTOP-UFL758O kernel: [    0.969481] usb usb1: SerialNumber: vhci_hcd.0
Sep 18 09:50:20 DESKTOP-UFL758O kernel: [    0.970368] hub 1-0:1.0: USB hub found
Sep 18 09:50:20 DESKTOP-UFL758O kernel: [    0.970937] hub 1-0:1.0: 8 ports detected
Sep 18 09:50:20 DESKTOP-UFL758O kernel: [    0.972137] vhci_hcd vhci_hcd.0: USB/IP Virtual Host Controller
Sep 18 09:50:20 DESKTOP-UFL758O kernel: [    0.974326] vhci_hcd vhci_hcd.0: new USB bus registered, assigned bus number 2
Sep 18 09:50:20 DESKTOP-UFL758O kernel: [    0.975862] usb usb2: We don't know the algorithms for LPM for this host, disabling LPM.
Sep 18 09:50:20 DESKTOP-UFL758O kernel: [    0.976861] usb usb2: New USB device found, idVendor=1d6b, idProduct=0003, bcdDevice= 5.15
Sep 18 09:50:20 DESKTOP-UFL758O kernel: [    0.977832] usb usb2: New USB device strings: Mfr=3, Product=2, SerialNumber=1
Sep 18 09:50:20 DESKTOP-UFL758O kernel: [    0.978889] usb usb2: Product: USB/IP Virtual Host Controller
Sep 18 09:50:20 DESKTOP-UFL758O kernel: [    0.979710] usb usb2: Manufacturer: Linux 5.15.90.1-microsoft-standard-WSL2 vhci_hcd
Sep 18 09:50:20 DESKTOP-UFL758O kernel: [    0.982154] usb usb2: SerialNumber: vhci_hcd.0
Sep 18 09:50:20 DESKTOP-UFL758O kernel: [    0.983105] hub 2-0:1.0: USB hub found
Sep 18 09:50:20 DESKTOP-UFL758O kernel: [    0.983663] hub 2-0:1.0: 8 ports detected
Sep 18 09:50:20 DESKTOP-UFL758O kernel: [    0.984407] hv_vmbus: registering driver hyperv_keyboard
Sep 18 09:50:20 DESKTOP-UFL758O kernel: [    0.985164] rtc_cmos 00:00: RTC can wake from S4
Sep 18 09:50:20 DESKTOP-UFL758O kernel: [    0.991730] rtc_cmos 00:00: registered as rtc0
Sep 18 09:50:20 DESKTOP-UFL758O kernel: [    0.993256] rtc_cmos 00:00: setting system clock to 2023-09-18T08:49:24 UTC (1695026964)
Sep 18 09:50:20 DESKTOP-UFL758O kernel: [    0.994670] rtc_cmos 00:00: alarms up to one month, 114 bytes nvram
Sep 18 09:50:20 DESKTOP-UFL758O kernel: [    0.997468] device-mapper: ioctl: 4.45.0-ioctl (2021-03-22) initialised: dm-devel@redhat.com
Sep 18 09:50:20 DESKTOP-UFL758O kernel: [    0.998751] device-mapper: raid: Loading target version 1.15.1
Sep 18 09:50:20 DESKTOP-UFL758O kernel: [    0.999610] usbcore: registered new interface driver usbhid
Sep 18 09:50:20 DESKTOP-UFL758O kernel: [    1.000240] usbhid: USB HID core driver
Sep 18 09:50:20 DESKTOP-UFL758O kernel: [    1.000998] hv_utils: Registering HyperV Utility Driver
Sep 18 09:50:20 DESKTOP-UFL758O kernel: [    1.001786] hv_vmbus: registering driver hv_utils
Sep 18 09:50:20 DESKTOP-UFL758O kernel: [    1.004263] hv_vmbus: registering driver hv_balloon
Sep 18 09:50:20 DESKTOP-UFL758O kernel: [    1.005166] hv_vmbus: registering driver dxgkrnl
Sep 18 09:50:20 DESKTOP-UFL758O kernel: [    1.005925] hv_utils: TimeSync IC version 4.0
Sep 18 09:50:20 DESKTOP-UFL758O kernel: [    1.008398] hv_balloon: Using Dynamic Memory protocol version 2.0
Sep 18 09:50:20 DESKTOP-UFL758O kernel: [    1.016012] Free page reporting enabled
Sep 18 09:50:20 DESKTOP-UFL758O kernel: [    1.017037] drop_monitor: Initializing network drop monitor service
Sep 18 09:50:20 DESKTOP-UFL758O kernel: [    1.019573] hv_balloon: Cold memory discard hint enabled with order 9
Sep 18 09:50:20 DESKTOP-UFL758O kernel: [    1.021269] Mirror/redirect action on
Sep 18 09:50:20 DESKTOP-UFL758O kernel: [    1.021828] u32 classifier
Sep 18 09:50:20 DESKTOP-UFL758O kernel: [    1.022144]     Performance counters on
Sep 18 09:50:20 DESKTOP-UFL758O kernel: [    1.022616]     input device check on
Sep 18 09:50:20 DESKTOP-UFL758O kernel: [    1.023208]     Actions configured
Sep 18 09:50:20 DESKTOP-UFL758O kernel: [    1.024466] IPVS: Registered protocols (TCP, UDP)
Sep 18 09:50:20 DESKTOP-UFL758O kernel: [    1.026736] IPVS: Connection hash table configured (size=4096, memory=32Kbytes)
Sep 18 09:50:20 DESKTOP-UFL758O kernel: [    1.027737] IPVS: ipvs loaded.
Sep 18 09:50:20 DESKTOP-UFL758O kernel: [    1.028246] IPVS: [rr] scheduler registered.
Sep 18 09:50:20 DESKTOP-UFL758O kernel: [    1.029105] IPVS: [wrr] scheduler registered.
Sep 18 09:50:20 DESKTOP-UFL758O kernel: [    1.029895] IPVS: [sh] scheduler registered.
Sep 18 09:50:20 DESKTOP-UFL758O kernel: [    1.030946] ipip: IPv4 and MPLS over IPv4 tunneling driver
Sep 18 09:50:20 DESKTOP-UFL758O kernel: [    1.031755] ipt_CLUSTERIP: ClusterIP Version 0.8 loaded successfully
Sep 18 09:50:20 DESKTOP-UFL758O kernel: [    1.034484] Initializing XFRM netlink socket
Sep 18 09:50:20 DESKTOP-UFL758O kernel: [    1.035256] NET: Registered PF_INET6 protocol family
Sep 18 09:50:20 DESKTOP-UFL758O kernel: [    1.036448] Segment Routing with IPv6
Sep 18 09:50:20 DESKTOP-UFL758O kernel: [    1.036950] In-situ OAM (IOAM) with IPv6
Sep 18 09:50:20 DESKTOP-UFL758O kernel: [    1.037479] sit: IPv6, IPv4 and MPLS over IPv4 tunneling driver
Sep 18 09:50:20 DESKTOP-UFL758O kernel: [    1.038371] NET: Registered PF_PACKET protocol family
Sep 18 09:50:20 DESKTOP-UFL758O kernel: [    1.039153] Bridge firewalling registered
Sep 18 09:50:20 DESKTOP-UFL758O kernel: [    1.041114] 8021q: 802.1Q VLAN Support v1.8
Sep 18 09:50:20 DESKTOP-UFL758O kernel: [    1.041677] sctp: Hash tables configured (bind 256/256)
Sep 18 09:50:20 DESKTOP-UFL758O kernel: [    1.042409] 9pnet: Installing 9P2000 support
Sep 18 09:50:20 DESKTOP-UFL758O kernel: [    1.078955] Key type dns_resolver registered
Sep 18 09:50:20 DESKTOP-UFL758O kernel: [    1.079763] Key type ceph registered
Sep 18 09:50:20 DESKTOP-UFL758O kernel: [    1.080462] libceph: loaded (mon/osd proto 15/24)
Sep 18 09:50:20 DESKTOP-UFL758O kernel: [    1.082154] NET: Registered PF_VSOCK protocol family
Sep 18 09:50:20 DESKTOP-UFL758O kernel: [    1.082788] hv_vmbus: registering driver hv_sock
Sep 18 09:50:20 DESKTOP-UFL758O kernel: [    1.085299] IPI shorthand broadcast: enabled
Sep 18 09:50:20 DESKTOP-UFL758O kernel: [    1.086171] sched_clock: Marking stable (1071554672, 10573400)->(1154213800, -72085728)
Sep 18 09:50:20 DESKTOP-UFL758O kernel: [    1.087700] registered taskstats version 1
Sep 18 09:50:20 DESKTOP-UFL758O kernel: [    1.088408] Loading compiled-in X.509 certificates
Sep 18 09:50:20 DESKTOP-UFL758O kernel: [    1.089684] Btrfs loaded, crc32c=crc32c-generic, zoned=no, fsverity=no
Sep 18 09:50:20 DESKTOP-UFL758O kernel: [    1.093438] Freeing unused kernel image (initmem) memory: 2008K
Sep 18 09:50:20 DESKTOP-UFL758O kernel: [    1.138729] Write protecting the kernel read-only data: 30720k
Sep 18 09:50:20 DESKTOP-UFL758O kernel: [    1.141086] Freeing unused kernel image (text/rodata gap) memory: 2024K
Sep 18 09:50:20 DESKTOP-UFL758O kernel: [    1.142650] Freeing unused kernel image (rodata/data gap) memory: 464K
Sep 18 09:50:20 DESKTOP-UFL758O kernel: [    1.143885] Run /init as init process
Sep 18 09:50:20 DESKTOP-UFL758O kernel: [    1.144618]   with arguments:
Sep 18 09:50:20 DESKTOP-UFL758O kernel: [    1.145286]     /init
Sep 18 09:50:20 DESKTOP-UFL758O kernel: [    1.145674]   with environment:
Sep 18 09:50:20 DESKTOP-UFL758O kernel: [    1.146286]     HOME=/
Sep 18 09:50:20 DESKTOP-UFL758O kernel: [    1.146732]     TERM=linux
Sep 18 09:50:20 DESKTOP-UFL758O kernel: [    1.147117]     WSL_ROOT_INIT=1
Sep 18 09:50:20 DESKTOP-UFL758O kernel: [    1.170431] scsi 0:0:0:0: Direct-Access     Msft     Virtual Disk     1.0  PQ: 0 ANSI: 5
Sep 18 09:50:20 DESKTOP-UFL758O kernel: [    1.175054] sd 0:0:0:0: Attached scsi generic sg0 type 0
Sep 18 09:50:20 DESKTOP-UFL758O kernel: [    1.178521] sd 0:0:0:0: [sda] 744080 512-byte logical blocks: (381 MB/363 MiB)
Sep 18 09:50:20 DESKTOP-UFL758O kernel: [    1.180517] sd 0:0:0:0: [sda] Write Protect is on
Sep 18 09:50:20 DESKTOP-UFL758O kernel: [    1.181512] sd 0:0:0:0: [sda] Mode Sense: 0f 00 80 00
Sep 18 09:50:20 DESKTOP-UFL758O kernel: [    1.183129] sd 0:0:0:0: [sda] Write cache: disabled, read cache: enabled, doesn't support DPO or FUA
Sep 18 09:50:20 DESKTOP-UFL758O kernel: [    1.758778] clocksource: tsc: mask: 0xffffffffffffffff max_cycles: 0xfc66d6d9ff, max_idle_ns: 440795228903 ns
Sep 18 09:50:20 DESKTOP-UFL758O kernel: [    1.768072] clocksource: Switched to clocksource tsc
Sep 18 09:50:20 DESKTOP-UFL758O kernel: [    2.103433] EXT4-fs (sda): mounted filesystem without journal. Opts: (null). Quota mode: none.
Sep 18 09:50:20 DESKTOP-UFL758O kernel: [    2.169544] scsi 0:0:0:1: Direct-Access     Msft     Virtual Disk     1.0  PQ: 0 ANSI: 5
Sep 18 09:50:20 DESKTOP-UFL758O kernel: [    2.171402] sd 0:0:0:0: [sda] Attached SCSI disk
Sep 18 09:50:20 DESKTOP-UFL758O kernel: [    2.174525] sd 0:0:0:1: Attached scsi generic sg1 type 0
Sep 18 09:50:20 DESKTOP-UFL758O kernel: [    2.178816] IPv6: ADDRCONF(NETDEV_CHANGE): eth0: link becomes ready
Sep 18 09:50:20 DESKTOP-UFL758O kernel: [    2.178880] sd 0:0:0:1: [sdb] 2097160 512-byte logical blocks: (1.07 GB/1.00 GiB)
Sep 18 09:50:20 DESKTOP-UFL758O kernel: [    2.182238] sd 0:0:0:1: [sdb] 4096-byte physical blocks
Sep 18 09:50:20 DESKTOP-UFL758O kernel: [    2.183409] sd 0:0:0:1: [sdb] Write Protect is off
Sep 18 09:50:20 DESKTOP-UFL758O kernel: [    2.184458] sd 0:0:0:1: [sdb] Mode Sense: 0f 00 00 00
Sep 18 09:50:20 DESKTOP-UFL758O kernel: [    2.186318] sd 0:0:0:1: [sdb] Write cache: enabled, read cache: enabled, doesn't support DPO or FUA
Sep 18 09:50:20 DESKTOP-UFL758O kernel: [    2.219563] sd 0:0:0:1: [sdb] Attached SCSI disk
Sep 18 09:50:20 DESKTOP-UFL758O kernel: [    2.460860] hv_pci 396cce2b-5411-4048-94ab-27e994cee305: PCI VMBus probing: Using version 0x10004
Sep 18 09:50:20 DESKTOP-UFL758O kernel: [    2.466722] hv_pci 396cce2b-5411-4048-94ab-27e994cee305: PCI host bridge to bus 5411:00
Sep 18 09:50:20 DESKTOP-UFL758O kernel: [    2.467773] pci_bus 5411:00: root bus resource [mem 0xc00000000-0xe00001fff window]
Sep 18 09:50:20 DESKTOP-UFL758O kernel: [    2.468897] pci_bus 5411:00: No busn resource found for root bus, will use [bus 00-ff]
Sep 18 09:50:20 DESKTOP-UFL758O kernel: [    2.471976] pci 5411:00:00.0: [1af4:105a] type 00 class 0x088000
Sep 18 09:50:20 DESKTOP-UFL758O kernel: [    2.478597] pci 5411:00:00.0: reg 0x10: [mem 0xe00000000-0xe00000fff 64bit]
Sep 18 09:50:20 DESKTOP-UFL758O kernel: [    2.484738] pci 5411:00:00.0: reg 0x18: [mem 0xe00001000-0xe00001fff 64bit]
Sep 18 09:50:20 DESKTOP-UFL758O kernel: [    2.490771] pci 5411:00:00.0: reg 0x20: [mem 0xc00000000-0xdffffffff 64bit]
Sep 18 09:50:20 DESKTOP-UFL758O kernel: [    2.503563] pci_bus 5411:00: busn_res: [bus 00-ff] end is updated to 00
Sep 18 09:50:20 DESKTOP-UFL758O kernel: [    2.504633] pci 5411:00:00.0: BAR 4: assigned [mem 0xc00000000-0xdffffffff 64bit]
Sep 18 09:50:20 DESKTOP-UFL758O kernel: [    2.510749] pci 5411:00:00.0: BAR 0: assigned [mem 0xe00000000-0xe00000fff 64bit]
Sep 18 09:50:20 DESKTOP-UFL758O kernel: [    2.516965] pci 5411:00:00.0: BAR 2: assigned [mem 0xe00001000-0xe00001fff 64bit]
Sep 18 09:50:20 DESKTOP-UFL758O kernel: [    2.551353] virtiofs virtio2: Cache len: 0x200000000 @ 0xc00000000
Sep 18 09:50:20 DESKTOP-UFL758O kernel: [    2.641539] memmap_init_zone_device initialised 2097152 pages in 50ms
Sep 18 09:50:20 DESKTOP-UFL758O kernel: [    2.663502] FS-Cache: Duplicate cookie detected
Sep 18 09:50:20 DESKTOP-UFL758O kernel: [    2.664972] FS-Cache: O-cookie c=00000005 [p=00000002 fl=222 nc=0 na=1]
Sep 18 09:50:20 DESKTOP-UFL758O kernel: [    2.675880] FS-Cache: O-cookie d=00000000392913da{9P.session} n=00000000dc4aef8e
Sep 18 09:50:20 DESKTOP-UFL758O kernel: [    2.679434] FS-Cache: O-key=[10] '34323934393337353338'
Sep 18 09:50:20 DESKTOP-UFL758O kernel: [    2.680734] FS-Cache: N-cookie c=00000006 [p=00000002 fl=2 nc=0 na=1]
Sep 18 09:50:20 DESKTOP-UFL758O kernel: [    2.683058] FS-Cache: N-cookie d=00000000392913da{9P.session} n=0000000091c2e6cf
Sep 18 09:50:20 DESKTOP-UFL758O kernel: [    2.685240] FS-Cache: N-key=[10] '34323934393337353338'
Sep 18 09:50:20 DESKTOP-UFL758O kernel: [    3.008239] scsi 0:0:0:2: Direct-Access     Msft     Virtual Disk     1.0  PQ: 0 ANSI: 5
Sep 18 09:50:20 DESKTOP-UFL758O kernel: [    3.010552] sd 0:0:0:2: Attached scsi generic sg2 type 0
Sep 18 09:50:20 DESKTOP-UFL758O kernel: [    3.014413] sd 0:0:0:2: [sdc] 2147483648 512-byte logical blocks: (1.10 TB/1.00 TiB)
Sep 18 09:50:20 DESKTOP-UFL758O kernel: [    3.015406] sd 0:0:0:2: [sdc] 4096-byte physical blocks
Sep 18 09:50:20 DESKTOP-UFL758O kernel: [    3.016296] sd 0:0:0:2: [sdc] Write Protect is off
Sep 18 09:50:20 DESKTOP-UFL758O kernel: [    3.017022] sd 0:0:0:2: [sdc] Mode Sense: 0f 00 00 00
Sep 18 09:50:20 DESKTOP-UFL758O kernel: [    3.018199] sd 0:0:0:2: [sdc] Write cache: enabled, read cache: enabled, doesn't support DPO or FUA
Sep 18 09:50:20 DESKTOP-UFL758O kernel: [    3.053238] sd 0:0:0:2: [sdc] Attached SCSI disk
Sep 18 09:50:20 DESKTOP-UFL758O kernel: [    3.629064] EXT4-fs (sdc): mounted filesystem with ordered data mode. Opts: discard,errors=remount-ro,data=ordered. Quota mode: none.
Sep 18 09:50:20 DESKTOP-UFL758O kernel: [    3.832816] Adding 1048576k swap on /dev/sdb.  Priority:-2 extents:1 across:1048576k 
Sep 18 09:50:20 DESKTOP-UFL758O kernel: [    7.998756] hv_pci 7147a222-c08b-48d7-a93e-3a023e8afc94: PCI VMBus probing: Using version 0x10004
Sep 18 09:50:20 DESKTOP-UFL758O kernel: [    8.002613] hv_pci 7147a222-c08b-48d7-a93e-3a023e8afc94: PCI host bridge to bus c08b:00
Sep 18 09:50:20 DESKTOP-UFL758O kernel: [    8.003746] pci_bus c08b:00: root bus resource [mem 0x9ffe08000-0x9ffe0afff window]
Sep 18 09:50:20 DESKTOP-UFL758O kernel: [    8.004677] pci_bus c08b:00: No busn resource found for root bus, will use [bus 00-ff]
Sep 18 09:50:20 DESKTOP-UFL758O kernel: [    8.007690] pci c08b:00:00.0: [1af4:1049] type 00 class 0x010000
Sep 18 09:50:20 DESKTOP-UFL758O kernel: [    8.009510] 9pnet_virtio: no channels available for device drvfs
Sep 18 09:50:20 DESKTOP-UFL758O kernel: [    8.011676] pci c08b:00:00.0: reg 0x10: [mem 0x9ffe08000-0x9ffe08fff 64bit]
Sep 18 09:50:20 DESKTOP-UFL758O kernel: [    8.013926] pci c08b:00:00.0: reg 0x18: [mem 0x9ffe09000-0x9ffe09fff 64bit]
Sep 18 09:50:20 DESKTOP-UFL758O kernel: [    8.016144] pci c08b:00:00.0: reg 0x20: [mem 0x9ffe0a000-0x9ffe0afff 64bit]
Sep 18 09:50:20 DESKTOP-UFL758O kernel: [    8.024948] pci_bus c08b:00: busn_res: [bus 00-ff] end is updated to 00
Sep 18 09:50:20 DESKTOP-UFL758O kernel: [    8.026111] pci c08b:00:00.0: BAR 0: assigned [mem 0x9ffe08000-0x9ffe08fff 64bit]
Sep 18 09:50:20 DESKTOP-UFL758O kernel: [    8.028619] pci c08b:00:00.0: BAR 2: assigned [mem 0x9ffe09000-0x9ffe09fff 64bit]
Sep 18 09:50:20 DESKTOP-UFL758O kernel: [    8.031143] pci c08b:00:00.0: BAR 4: assigned [mem 0x9ffe0a000-0x9ffe0afff 64bit]
Sep 18 09:50:20 DESKTOP-UFL758O kernel: [    8.132969] hv_pci e8cdd013-66f3-439d-a9b7-94145cfa8ba3: PCI VMBus probing: Using version 0x10004
Sep 18 09:50:20 DESKTOP-UFL758O kernel: [    8.136798] hv_pci e8cdd013-66f3-439d-a9b7-94145cfa8ba3: PCI host bridge to bus 66f3:00
Sep 18 09:50:20 DESKTOP-UFL758O kernel: [    8.138167] pci_bus 66f3:00: root bus resource [mem 0x9ffe0c000-0x9ffe0efff window]
Sep 18 09:50:20 DESKTOP-UFL758O kernel: [    8.140151] pci_bus 66f3:00: No busn resource found for root bus, will use [bus 00-ff]
Sep 18 09:50:20 DESKTOP-UFL758O kernel: [    8.143656] pci 66f3:00:00.0: [1af4:1049] type 00 class 0x010000
Sep 18 09:50:20 DESKTOP-UFL758O kernel: [    8.147101] pci 66f3:00:00.0: reg 0x10: [mem 0x9ffe0c000-0x9ffe0cfff 64bit]
Sep 18 09:50:20 DESKTOP-UFL758O kernel: [    8.149668] pci 66f3:00:00.0: reg 0x18: [mem 0x9ffe0d000-0x9ffe0dfff 64bit]
Sep 18 09:50:20 DESKTOP-UFL758O kernel: [    8.152201] pci 66f3:00:00.0: reg 0x20: [mem 0x9ffe0e000-0x9ffe0efff 64bit]
Sep 18 09:50:20 DESKTOP-UFL758O kernel: [    8.161310] pci_bus 66f3:00: busn_res: [bus 00-ff] end is updated to 00
Sep 18 09:50:20 DESKTOP-UFL758O kernel: [    8.162247] pci 66f3:00:00.0: BAR 0: assigned [mem 0x9ffe0c000-0x9ffe0cfff 64bit]
Sep 18 09:50:20 DESKTOP-UFL758O kernel: [    8.164391] pci 66f3:00:00.0: BAR 2: assigned [mem 0x9ffe0d000-0x9ffe0dfff 64bit]
Sep 18 09:50:20 DESKTOP-UFL758O kernel: [    8.166673] pci 66f3:00:00.0: BAR 4: assigned [mem 0x9ffe0e000-0x9ffe0efff 64bit]
Sep 18 09:50:20 DESKTOP-UFL758O kernel: [   10.607473] hv_pci 215f7eb5-ddc0-4e49-8775-aa460e9e145e: PCI VMBus probing: Using version 0x10004
Sep 18 09:50:20 DESKTOP-UFL758O kernel: [   10.613912] 9pnet_virtio: no channels available for device drvfs
Sep 18 09:50:20 DESKTOP-UFL758O kernel: [   10.716658] 9pnet_virtio: no channels available for device drvfs
Sep 18 09:50:20 DESKTOP-UFL758O kernel: [   10.723495] hv_pci 215f7eb5-ddc0-4e49-8775-aa460e9e145e: PCI host bridge to bus ddc0:00
Sep 18 09:50:20 DESKTOP-UFL758O kernel: [   10.724635] pci_bus ddc0:00: root bus resource [mem 0xbffe10000-0xbffe12fff window]
Sep 18 09:50:20 DESKTOP-UFL758O kernel: [   10.725578] pci_bus ddc0:00: No busn resource found for root bus, will use [bus 00-ff]
Sep 18 09:50:20 DESKTOP-UFL758O kernel: [   10.728515] pci ddc0:00:00.0: [1af4:1049] type 00 class 0x010000
Sep 18 09:50:20 DESKTOP-UFL758O kernel: [   10.731930] pci ddc0:00:00.0: reg 0x10: [mem 0xbffe10000-0xbffe10fff 64bit]
Sep 18 09:50:20 DESKTOP-UFL758O kernel: [   10.734303] pci ddc0:00:00.0: reg 0x18: [mem 0xbffe11000-0xbffe11fff 64bit]
Sep 18 09:50:20 DESKTOP-UFL758O kernel: [   10.736891] pci ddc0:00:00.0: reg 0x20: [mem 0xbffe12000-0xbffe12fff 64bit]
Sep 18 09:50:20 DESKTOP-UFL758O kernel: [   10.746545] pci_bus ddc0:00: busn_res: [bus 00-ff] end is updated to 00
Sep 18 09:50:20 DESKTOP-UFL758O kernel: [   10.747726] pci ddc0:00:00.0: BAR 0: assigned [mem 0xbffe10000-0xbffe10fff 64bit]
Sep 18 09:50:20 DESKTOP-UFL758O kernel: [   10.750152] pci ddc0:00:00.0: BAR 2: assigned [mem 0xbffe11000-0xbffe11fff 64bit]
Sep 18 09:50:20 DESKTOP-UFL758O kernel: [   10.752218] pci ddc0:00:00.0: BAR 4: assigned [mem 0xbffe12000-0xbffe12fff 64bit]
Sep 18 09:50:20 DESKTOP-UFL758O kernel: [   10.887380] hv_pci c681f7f2-bd34-4969-94a7-e5042fdc698b: PCI VMBus probing: Using version 0x10004
Sep 18 09:50:20 DESKTOP-UFL758O kernel: [   11.080189] hv_pci c681f7f2-bd34-4969-94a7-e5042fdc698b: PCI host bridge to bus bd34:00
Sep 18 09:50:20 DESKTOP-UFL758O kernel: [   11.083307] pci_bus bd34:00: root bus resource [mem 0xbffe14000-0xbffe16fff window]
Sep 18 09:50:20 DESKTOP-UFL758O kernel: [   11.085337] pci_bus bd34:00: No busn resource found for root bus, will use [bus 00-ff]
Sep 18 09:50:20 DESKTOP-UFL758O kernel: [   11.091903] pci bd34:00:00.0: [1af4:1049] type 00 class 0x010000
Sep 18 09:50:20 DESKTOP-UFL758O kernel: [   11.096104] pci bd34:00:00.0: reg 0x10: [mem 0xbffe14000-0xbffe14fff 64bit]
Sep 18 09:50:20 DESKTOP-UFL758O kernel: [   11.101788] pci bd34:00:00.0: reg 0x18: [mem 0xbffe15000-0xbffe15fff 64bit]
Sep 18 09:50:20 DESKTOP-UFL758O kernel: [   11.111290] pci bd34:00:00.0: reg 0x20: [mem 0xbffe16000-0xbffe16fff 64bit]
Sep 18 09:50:20 DESKTOP-UFL758O kernel: [   11.125709] pci_bus bd34:00: busn_res: [bus 00-ff] end is updated to 00
Sep 18 09:50:20 DESKTOP-UFL758O kernel: [   11.127554] pci bd34:00:00.0: BAR 0: assigned [mem 0xbffe14000-0xbffe14fff 64bit]
Sep 18 09:50:20 DESKTOP-UFL758O kernel: [   11.130261] pci bd34:00:00.0: BAR 2: assigned [mem 0xbffe15000-0xbffe15fff 64bit]
Sep 18 09:50:20 DESKTOP-UFL758O kernel: [   11.132569] pci bd34:00:00.0: BAR 4: assigned [mem 0xbffe16000-0xbffe16fff 64bit]
Sep 18 09:50:20 DESKTOP-UFL758O kernel: [   13.474394] misc dxg: dxgk: dxgkio_query_adapter_info: Ioctl failed: -22
Sep 18 09:50:20 DESKTOP-UFL758O kernel: [   13.475479] misc dxg: dxgk: dxgkio_query_adapter_info: Ioctl failed: -22
Sep 18 09:50:20 DESKTOP-UFL758O kernel: [   13.476372] misc dxg: dxgk: dxgkio_query_adapter_info: Ioctl failed: -22
Sep 18 09:50:20 DESKTOP-UFL758O kernel: [   13.477267] misc dxg: dxgk: dxgkio_query_adapter_info: Ioctl failed: -22
Sep 18 09:50:20 DESKTOP-UFL758O kernel: [   13.478262] misc dxg: dxgk: dxgkio_query_adapter_info: Ioctl failed: -2
Sep 18 09:50:20 DESKTOP-UFL758O kernel: [   42.990862] EXT4-fs (sdc): mounted filesystem with ordered data mode. Opts: discard,errors=remount-ro,data=ordered. Quota mode: none.
Sep 18 09:50:20 DESKTOP-UFL758O kernel: [   44.479026] misc dxg: dxgk: dxgkio_query_adapter_info: Ioctl failed: -22
Sep 18 09:50:20 DESKTOP-UFL758O kernel: [   44.480243] misc dxg: dxgk: dxgkio_query_adapter_info: Ioctl failed: -22
Sep 18 09:50:20 DESKTOP-UFL758O kernel: [   44.481445] misc dxg: dxgk: dxgkio_query_adapter_info: Ioctl failed: -22
Sep 18 09:50:20 DESKTOP-UFL758O kernel: [   44.482739] misc dxg: dxgk: dxgkio_query_adapter_info: Ioctl failed: -22
Sep 18 09:50:20 DESKTOP-UFL758O kernel: [   44.484592] misc dxg: dxgk: dxgkio_query_adapter_info: Ioctl failed: -2
Sep 18 09:50:20 DESKTOP-UFL758O kernel: [   49.885160] hv_balloon: Max. dynamic memory size: 4006 MB
Sep 18 10:17:26 DESKTOP-UFL758O kernel: [ 1682.952439] hv_utils: TimeSync IC version 4.0
Sep 18 12:45:53 DESKTOP-UFL758O kernel: [    0.000000] Linux version 5.15.90.1-microsoft-standard-WSL2 (oe-user@oe-host) (x86_64-msft-linux-gcc (GCC) 9.3.0, GNU ld (GNU Binutils) 2.34.0.20200220) #1 SMP Fri Jan 27 02:56:13 UTC 2023
Sep 18 12:45:53 DESKTOP-UFL758O kernel: [    0.000000] Command line: initrd=\initrd.img WSL_ROOT_INIT=1 panic=-1 nr_cpus=2 bonding.max_bonds=0 dummy.numdummies=0 fb_tunnels=none swiotlb=force console=hvc0 debug pty.legacy_count=0
Sep 18 12:45:53 DESKTOP-UFL758O kernel: [    0.000000] KERNEL supported cpus:
Sep 18 12:45:53 DESKTOP-UFL758O kernel: [    0.000000]   Intel GenuineIntel
Sep 18 12:45:53 DESKTOP-UFL758O kernel: [    0.000000]   AMD AuthenticAMD
Sep 18 12:45:53 DESKTOP-UFL758O kernel: [    0.000000]   Centaur CentaurHauls
Sep 18 12:45:53 DESKTOP-UFL758O kernel: [    0.000000] x86/fpu: Supporting XSAVE feature 0x001: 'x87 floating point registers'
Sep 18 12:45:53 DESKTOP-UFL758O kernel: [    0.000000] x86/fpu: Supporting XSAVE feature 0x002: 'SSE registers'
Sep 18 12:45:53 DESKTOP-UFL758O kernel: [    0.000000] x86/fpu: Enabled xstate features 0x3, context size is 576 bytes, using 'compacted' format.
Sep 18 12:45:53 DESKTOP-UFL758O kernel: [    0.000000] signal: max sigframe size: 1520
Sep 18 12:45:53 DESKTOP-UFL758O kernel: [    0.000000] BIOS-provided physical RAM map:
Sep 18 12:45:53 DESKTOP-UFL758O kernel: [    0.000000] BIOS-e820: [mem 0x0000000000000000-0x000000000009ffff] usable
Sep 18 12:45:53 DESKTOP-UFL758O kernel: [    0.000000] BIOS-e820: [mem 0x00000000000e0000-0x00000000000e0fff] reserved
Sep 18 12:45:53 DESKTOP-UFL758O kernel: [    0.000000] BIOS-e820: [mem 0x0000000000100000-0x00000000001fffff] ACPI data
Sep 18 12:45:53 DESKTOP-UFL758O kernel: [    0.000000] BIOS-e820: [mem 0x0000000000200000-0x00000000f7ffffff] usable
Sep 18 12:45:53 DESKTOP-UFL758O kernel: [    0.000000] BIOS-e820: [mem 0x0000000100000000-0x00000001025fffff] usable
Sep 18 12:45:53 DESKTOP-UFL758O kernel: [    0.000000] NX (Execute Disable) protection: active
Sep 18 12:45:53 DESKTOP-UFL758O kernel: [    0.000000] DMI not present or invalid.
Sep 18 12:45:53 DESKTOP-UFL758O kernel: [    0.000000] Hypervisor detected: Microsoft Hyper-V
Sep 18 12:45:53 DESKTOP-UFL758O kernel: [    0.000000] Hyper-V: privilege flags low 0xae7f, high 0x3b8030, hints 0xe4e24, misc 0xe4bed7b6
Sep 18 12:45:53 DESKTOP-UFL758O kernel: [    0.000000] Hyper-V Host Build:22621-10.0-2-0.2283
Sep 18 12:45:53 DESKTOP-UFL758O kernel: [    0.000000] Hyper-V: Nested features: 0x3e0101
Sep 18 12:45:53 DESKTOP-UFL758O kernel: [    0.000000] Hyper-V: LAPIC Timer Frequency: 0x1e8480
Sep 18 12:45:53 DESKTOP-UFL758O kernel: [    0.000000] Hyper-V: Using hypercall for remote TLB flush
Sep 18 12:45:53 DESKTOP-UFL758O kernel: [    0.000000] clocksource: hyperv_clocksource_tsc_page: mask: 0xffffffffffffffff max_cycles: 0x24e6a1710, max_idle_ns: 440795202120 ns
Sep 18 12:45:53 DESKTOP-UFL758O kernel: [    0.000006] tsc: Detected 1094.398 MHz processor
Sep 18 12:45:53 DESKTOP-UFL758O kernel: [    0.000040] e820: update [mem 0x00000000-0x00000fff] usable ==> reserved
Sep 18 12:45:53 DESKTOP-UFL758O kernel: [    0.000049] e820: remove [mem 0x000a0000-0x000fffff] usable
Sep 18 12:45:53 DESKTOP-UFL758O kernel: [    0.000057] last_pfn = 0x102600 max_arch_pfn = 0x400000000
Sep 18 12:45:53 DESKTOP-UFL758O kernel: [    0.000127] x86/PAT: Configuration [0-7]: WB  WC  UC- UC  WB  WP  UC- WT  
Sep 18 12:45:53 DESKTOP-UFL758O kernel: [    0.000236] last_pfn = 0xf8000 max_arch_pfn = 0x400000000
Sep 18 12:45:53 DESKTOP-UFL758O kernel: [    0.000266] Using GB pages for direct mapping
Sep 18 12:45:53 DESKTOP-UFL758O kernel: [    0.000650] RAMDISK: [mem 0x03a35000-0x03c18fff]
Sep 18 12:45:53 DESKTOP-UFL758O kernel: [    0.000656] ACPI: Early table checksum verification disabled
Sep 18 12:45:53 DESKTOP-UFL758O kernel: [    0.000688] ACPI: RSDP 0x00000000000E0000 000024 (v02 VRTUAL)
Sep 18 12:45:53 DESKTOP-UFL758O kernel: [    0.000698] ACPI: XSDT 0x0000000000100000 000044 (v01 VRTUAL MICROSFT 00000001 MSFT 00000001)
Sep 18 12:45:53 DESKTOP-UFL758O kernel: [    0.000711] ACPI: FACP 0x0000000000101000 000114 (v06 VRTUAL MICROSFT 00000001 MSFT 00000001)
Sep 18 12:45:53 DESKTOP-UFL758O kernel: [    0.000724] ACPI: DSDT 0x00000000001011B8 01E191 (v02 MSFTVM DSDT01   00000001 MSFT 05000000)
Sep 18 12:45:53 DESKTOP-UFL758O kernel: [    0.000734] ACPI: FACS 0x0000000000101114 000040
Sep 18 12:45:53 DESKTOP-UFL758O kernel: [    0.000742] ACPI: OEM0 0x0000000000101154 000064 (v01 VRTUAL MICROSFT 00000001 MSFT 00000001)
Sep 18 12:45:53 DESKTOP-UFL758O kernel: [    0.000751] ACPI: SRAT 0x000000000011F349 0002D0 (v02 VRTUAL MICROSFT 00000001 MSFT 00000001)
Sep 18 12:45:53 DESKTOP-UFL758O kernel: [    0.000760] ACPI: APIC 0x000000000011F619 000058 (v04 VRTUAL MICROSFT 00000001 MSFT 00000001)
Sep 18 12:45:53 DESKTOP-UFL758O kernel: [    0.000768] ACPI: Reserving FACP table memory at [mem 0x101000-0x101113]
Sep 18 12:45:53 DESKTOP-UFL758O kernel: [    0.000771] ACPI: Reserving DSDT table memory at [mem 0x1011b8-0x11f348]
Sep 18 12:45:53 DESKTOP-UFL758O kernel: [    0.000774] ACPI: Reserving FACS table memory at [mem 0x101114-0x101153]
Sep 18 12:45:53 DESKTOP-UFL758O kernel: [    0.000777] ACPI: Reserving OEM0 table memory at [mem 0x101154-0x1011b7]
Sep 18 12:45:53 DESKTOP-UFL758O kernel: [    0.000780] ACPI: Reserving SRAT table memory at [mem 0x11f349-0x11f618]
Sep 18 12:45:53 DESKTOP-UFL758O kernel: [    0.000783] ACPI: Reserving APIC table memory at [mem 0x11f619-0x11f670]
Sep 18 12:45:53 DESKTOP-UFL758O kernel: [    0.010598] Zone ranges:
Sep 18 12:45:53 DESKTOP-UFL758O kernel: [    0.010611]   DMA      [mem 0x0000000000001000-0x0000000000ffffff]
Sep 18 12:45:53 DESKTOP-UFL758O kernel: [    0.010618]   DMA32    [mem 0x0000000001000000-0x00000000ffffffff]
Sep 18 12:45:53 DESKTOP-UFL758O kernel: [    0.010623]   Normal   [mem 0x0000000100000000-0x00000001025fffff]
Sep 18 12:45:53 DESKTOP-UFL758O kernel: [    0.010627]   Device   empty
Sep 18 12:45:53 DESKTOP-UFL758O kernel: [    0.010631] Movable zone start for each node
Sep 18 12:45:53 DESKTOP-UFL758O kernel: [    0.010633] Early memory node ranges
Sep 18 12:45:53 DESKTOP-UFL758O kernel: [    0.010635]   node   0: [mem 0x0000000000001000-0x000000000009ffff]
Sep 18 12:45:53 DESKTOP-UFL758O kernel: [    0.010639]   node   0: [mem 0x0000000000200000-0x00000000f7ffffff]
Sep 18 12:45:53 DESKTOP-UFL758O kernel: [    0.010643]   node   0: [mem 0x0000000100000000-0x00000001025fffff]
Sep 18 12:45:53 DESKTOP-UFL758O kernel: [    0.010647] Initmem setup node 0 [mem 0x0000000000001000-0x00000001025fffff]
Sep 18 12:45:53 DESKTOP-UFL758O kernel: [    0.011939] On node 0, zone DMA: 1 pages in unavailable ranges
Sep 18 12:45:53 DESKTOP-UFL758O kernel: [    0.012035] On node 0, zone DMA: 352 pages in unavailable ranges
Sep 18 12:45:53 DESKTOP-UFL758O kernel: [    0.170787] On node 0, zone Normal: 23040 pages in unavailable ranges
Sep 18 12:45:53 DESKTOP-UFL758O kernel: [    0.170916] ACPI: LAPIC_NMI (acpi_id[0x01] dfl dfl lint[0x1])
Sep 18 12:45:53 DESKTOP-UFL758O kernel: [    0.171865] IOAPIC[0]: apic_id 2, version 17, address 0xfec00000, GSI 0-23
Sep 18 12:45:53 DESKTOP-UFL758O kernel: [    0.171878] ACPI: INT_SRC_OVR (bus 0 bus_irq 9 global_irq 9 high level)
Sep 18 12:45:53 DESKTOP-UFL758O kernel: [    0.171891] ACPI: Using ACPI (MADT) for SMP configuration information
Sep 18 12:45:53 DESKTOP-UFL758O kernel: [    0.171895] TSC deadline timer available
Sep 18 12:45:53 DESKTOP-UFL758O kernel: [    0.171898] smpboot: Allowing 2 CPUs, 0 hotplug CPUs
Sep 18 12:45:53 DESKTOP-UFL758O kernel: [    0.171921] [mem 0xf8000000-0xffffffff] available for PCI devices
Sep 18 12:45:53 DESKTOP-UFL758O kernel: [    0.171926] Booting paravirtualized kernel on Hyper-V
Sep 18 12:45:53 DESKTOP-UFL758O kernel: [    0.171931] clocksource: refined-jiffies: mask: 0xffffffff max_cycles: 0xffffffff, max_idle_ns: 19112604462750000 ns
Sep 18 12:45:53 DESKTOP-UFL758O kernel: [    0.192981] setup_percpu: NR_CPUS:256 nr_cpumask_bits:256 nr_cpu_ids:2 nr_node_ids:1
Sep 18 12:45:53 DESKTOP-UFL758O kernel: [    0.194577] percpu: Embedded 53 pages/cpu s177496 r8192 d31400 u1048576
Sep 18 12:45:53 DESKTOP-UFL758O kernel: [    0.194598] pcpu-alloc: s177496 r8192 d31400 u1048576 alloc=1*2097152
Sep 18 12:45:53 DESKTOP-UFL758O kernel: [    0.194606] pcpu-alloc: [0] 0 1 
Sep 18 12:45:53 DESKTOP-UFL758O kernel: [    0.194636] Hyper-V: PV spinlocks enabled
Sep 18 12:45:53 DESKTOP-UFL758O kernel: [    0.194642] PV qspinlock hash table entries: 256 (order: 0, 4096 bytes, linear)
Sep 18 12:45:53 DESKTOP-UFL758O kernel: [    0.194651] Built 1 zonelists, mobility grouping on.  Total pages: 1008493
Sep 18 12:45:53 DESKTOP-UFL758O kernel: [    0.194657] Kernel command line: initrd=\initrd.img WSL_ROOT_INIT=1 panic=-1 nr_cpus=2 bonding.max_bonds=0 dummy.numdummies=0 fb_tunnels=none swiotlb=force console=hvc0 debug pty.legacy_count=0
Sep 18 12:45:53 DESKTOP-UFL758O kernel: [    0.194926] Unknown kernel command line parameters "WSL_ROOT_INIT=1", will be passed to user space.
Sep 18 12:45:53 DESKTOP-UFL758O kernel: [    0.202029] Dentry cache hash table entries: 524288 (order: 10, 4194304 bytes, linear)
Sep 18 12:45:53 DESKTOP-UFL758O kernel: [    0.202408] Inode-cache hash table entries: 262144 (order: 9, 2097152 bytes, linear)
Sep 18 12:45:53 DESKTOP-UFL758O kernel: [    0.202530] mem auto-init: stack:off, heap alloc:off, heap free:off
Sep 18 12:45:53 DESKTOP-UFL758O kernel: [    0.353958] Memory: 3916384K/4100732K available (18452K kernel code, 2628K rwdata, 9776K rodata, 2008K init, 1892K bss, 184092K reserved, 0K cma-reserved)
Sep 18 12:45:53 DESKTOP-UFL758O kernel: [    0.354064] SLUB: HWalign=64, Order=0-3, MinObjects=0, CPUs=2, Nodes=1
Sep 18 12:45:53 DESKTOP-UFL758O kernel: [    0.354084] Kernel/User page tables isolation: enabled
Sep 18 12:45:53 DESKTOP-UFL758O kernel: [    0.354114] ftrace: allocating 54631 entries in 214 pages
Sep 18 12:45:53 DESKTOP-UFL758O kernel: [    0.500653] ftrace: allocated 214 pages with 5 groups
Sep 18 12:45:53 DESKTOP-UFL758O kernel: [    0.504062] rcu: Hierarchical RCU implementation.
Sep 18 12:45:53 DESKTOP-UFL758O kernel: [    0.504072] rcu: 	RCU restricting CPUs from NR_CPUS=256 to nr_cpu_ids=2.
Sep 18 12:45:53 DESKTOP-UFL758O kernel: [    0.504076] 	Rude variant of Tasks RCU enabled.
Sep 18 12:45:53 DESKTOP-UFL758O kernel: [    0.504165] 	Tracing variant of Tasks RCU enabled.
Sep 18 12:45:53 DESKTOP-UFL758O kernel: [    0.504168] rcu: RCU calculated value of scheduler-enlistment delay is 10 jiffies.
Sep 18 12:45:53 DESKTOP-UFL758O kernel: [    0.504171] rcu: Adjusting geometry for rcu_fanout_leaf=16, nr_cpu_ids=2
Sep 18 12:45:53 DESKTOP-UFL758O kernel: [    0.536801] Using NULL legacy PIC
Sep 18 12:45:53 DESKTOP-UFL758O kernel: [    0.536813] NR_IRQS: 16640, nr_irqs: 440, preallocated irqs: 0
Sep 18 12:45:53 DESKTOP-UFL758O kernel: [    0.537988] random: crng init done
Sep 18 12:45:53 DESKTOP-UFL758O kernel: [    0.538050] Console: colour dummy device 80x25
Sep 18 12:45:53 DESKTOP-UFL758O kernel: [    0.538072] ACPI: Core revision 20210730
Sep 18 12:45:53 DESKTOP-UFL758O kernel: [    0.538361] Failed to register legacy timer interrupt
Sep 18 12:45:53 DESKTOP-UFL758O kernel: [    0.538365] APIC: Switch to symmetric I/O mode setup
Sep 18 12:45:53 DESKTOP-UFL758O kernel: [    0.552072] x2apic enabled
Sep 18 12:45:53 DESKTOP-UFL758O kernel: [    0.560563] Switched APIC routing to physical x2apic.
Sep 18 12:45:53 DESKTOP-UFL758O kernel: [    0.560640] Hyper-V: Using IPI hypercalls
Sep 18 12:45:53 DESKTOP-UFL758O kernel: [    0.560783] clocksource: tsc-early: mask: 0xffffffffffffffff max_cycles: 0xfc66d6d9ff, max_idle_ns: 440795228903 ns
Sep 18 12:45:53 DESKTOP-UFL758O kernel: [    0.560802] Calibrating delay loop (skipped), value calculated using timer frequency.. 2188.79 BogoMIPS (lpj=10943980)
Sep 18 12:45:53 DESKTOP-UFL758O kernel: [    0.560810] pid_max: default: 32768 minimum: 301
Sep 18 12:45:53 DESKTOP-UFL758O kernel: [    0.560848] LSM: Security Framework initializing
Sep 18 12:45:53 DESKTOP-UFL758O kernel: [    0.560860] landlock: Up and running.
Sep 18 12:45:53 DESKTOP-UFL758O kernel: [    0.560905] Mount-cache hash table entries: 8192 (order: 4, 65536 bytes, linear)
Sep 18 12:45:53 DESKTOP-UFL758O kernel: [    0.560923] Mountpoint-cache hash table entries: 8192 (order: 4, 65536 bytes, linear)
Sep 18 12:45:53 DESKTOP-UFL758O kernel: [    0.561541] x86/cpu: User Mode Instruction Prevention (UMIP) activated
Sep 18 12:45:53 DESKTOP-UFL758O kernel: [    0.561572] Last level iTLB entries: 4KB 0, 2MB 0, 4MB 0
Sep 18 12:45:53 DESKTOP-UFL758O kernel: [    0.561576] Last level dTLB entries: 4KB 0, 2MB 0, 4MB 0, 1GB 0
Sep 18 12:45:53 DESKTOP-UFL758O kernel: [    0.561586] Spectre V1 : Mitigation: usercopy/swapgs barriers and __user pointer sanitization
Sep 18 12:45:53 DESKTOP-UFL758O kernel: [    0.561593] Spectre V2 : Mitigation: Enhanced IBRS
Sep 18 12:45:53 DESKTOP-UFL758O kernel: [    0.561597] Spectre V2 : Spectre v2 / SpectreRSB mitigation: Filling RSB on context switch
Sep 18 12:45:53 DESKTOP-UFL758O kernel: [    0.561599] RETBleed: Mitigation: Enhanced IBRS
Sep 18 12:45:53 DESKTOP-UFL758O kernel: [    0.561604] Spectre V2 : mitigation: Enabling conditional Indirect Branch Prediction Barrier
Sep 18 12:45:53 DESKTOP-UFL758O kernel: [    0.561608] Speculative Store Bypass: Mitigation: Speculative Store Bypass disabled via prctl and seccomp
Sep 18 12:45:53 DESKTOP-UFL758O kernel: [    0.570793] Freeing SMP alternatives memory: 60K
Sep 18 12:45:53 DESKTOP-UFL758O kernel: [    0.570793] smpboot: CPU0: Intel(R) Celeron(R) N4000 CPU @ 1.10GHz (family: 0x6, model: 0x7a, stepping: 0x1)
Sep 18 12:45:53 DESKTOP-UFL758O kernel: [    0.570793] Performance Events: Goldmont plus events, 32-deep LBR, full-width counters, Intel PMU driver.
Sep 18 12:45:53 DESKTOP-UFL758O kernel: [    0.570793] ... version:                4
Sep 18 12:45:53 DESKTOP-UFL758O kernel: [    0.570793] ... bit width:              48
Sep 18 12:45:53 DESKTOP-UFL758O kernel: [    0.570793] ... generic registers:      4
Sep 18 12:45:53 DESKTOP-UFL758O kernel: [    0.570793] ... value mask:             0000ffffffffffff
Sep 18 12:45:53 DESKTOP-UFL758O kernel: [    0.570793] ... max period:             00007fffffffffff
Sep 18 12:45:53 DESKTOP-UFL758O kernel: [    0.570793] ... fixed-purpose events:   3
Sep 18 12:45:53 DESKTOP-UFL758O kernel: [    0.570793] ... event mask:             000000070000000f
Sep 18 12:45:53 DESKTOP-UFL758O kernel: [    0.570793] rcu: Hierarchical SRCU implementation.
Sep 18 12:45:53 DESKTOP-UFL758O kernel: [    0.570793] smp: Bringing up secondary CPUs ...
Sep 18 12:45:53 DESKTOP-UFL758O kernel: [    0.570793] x86: Booting SMP configuration:
Sep 18 12:45:53 DESKTOP-UFL758O kernel: [    0.570793] .... node  #0, CPUs:      #1
Sep 18 12:45:53 DESKTOP-UFL758O kernel: [    0.574718] smp: Brought up 1 node, 2 CPUs
Sep 18 12:45:53 DESKTOP-UFL758O kernel: [    0.574718] smpboot: Max logical packages: 1
Sep 18 12:45:53 DESKTOP-UFL758O kernel: [    0.574718] smpboot: Total of 2 processors activated (4377.59 BogoMIPS)
Sep 18 12:45:53 DESKTOP-UFL758O kernel: [    0.581613] devtmpfs: initialized
Sep 18 12:45:53 DESKTOP-UFL758O kernel: [    0.581613] x86/mm: Memory block size: 128MB
Sep 18 12:45:53 DESKTOP-UFL758O kernel: [    0.581613] clocksource: jiffies: mask: 0xffffffff max_cycles: 0xffffffff, max_idle_ns: 19112604462750000 ns
Sep 18 12:45:53 DESKTOP-UFL758O kernel: [    0.581613] futex hash table entries: 512 (order: 3, 32768 bytes, linear)
Sep 18 12:45:53 DESKTOP-UFL758O kernel: [    0.583433] NET: Registered PF_NETLINK/PF_ROUTE protocol family
Sep 18 12:45:53 DESKTOP-UFL758O kernel: [    0.583747] thermal_sys: Registered thermal governor 'step_wise'
Sep 18 12:45:53 DESKTOP-UFL758O kernel: [    0.583841] cpuidle: using governor menu
Sep 18 12:45:53 DESKTOP-UFL758O kernel: [    0.583841] ACPI: bus type PCI registered
Sep 18 12:45:53 DESKTOP-UFL758O kernel: [    0.583841] PCI: Fatal: No config space access function found
Sep 18 12:45:53 DESKTOP-UFL758O kernel: [    0.585058] Kprobes globally optimized
Sep 18 12:45:53 DESKTOP-UFL758O kernel: [    0.585160] HugeTLB registered 1.00 GiB page size, pre-allocated 0 pages
Sep 18 12:45:53 DESKTOP-UFL758O kernel: [    0.585160] HugeTLB registered 2.00 MiB page size, pre-allocated 0 pages
Sep 18 12:45:53 DESKTOP-UFL758O kernel: [    0.601150] raid6: skip pq benchmark and using algorithm sse2x4
Sep 18 12:45:53 DESKTOP-UFL758O kernel: [    0.601160] raid6: using ssse3x2 recovery algorithm
Sep 18 12:45:53 DESKTOP-UFL758O kernel: [    0.601232] ACPI: Added _OSI(Module Device)
Sep 18 12:45:53 DESKTOP-UFL758O kernel: [    0.601235] ACPI: Added _OSI(Processor Device)
Sep 18 12:45:53 DESKTOP-UFL758O kernel: [    0.601238] ACPI: Added _OSI(3.0 _SCP Extensions)
Sep 18 12:45:53 DESKTOP-UFL758O kernel: [    0.601240] ACPI: Added _OSI(Processor Aggregator Device)
Sep 18 12:45:53 DESKTOP-UFL758O kernel: [    0.601242] ACPI: Added _OSI(Linux-Dell-Video)
Sep 18 12:45:53 DESKTOP-UFL758O kernel: [    0.601247] ACPI: Added _OSI(Linux-Lenovo-NV-HDMI-Audio)
Sep 18 12:45:53 DESKTOP-UFL758O kernel: [    0.601250] ACPI: Added _OSI(Linux-HPI-Hybrid-Graphics)
Sep 18 12:45:53 DESKTOP-UFL758O kernel: [    0.619765] ACPI: 1 ACPI AML tables successfully acquired and loaded
Sep 18 12:45:53 DESKTOP-UFL758O kernel: [    0.621338] ACPI: Interpreter enabled
Sep 18 12:45:53 DESKTOP-UFL758O kernel: [    0.621349] ACPI: PM: (supports S0 S5)
Sep 18 12:45:53 DESKTOP-UFL758O kernel: [    0.621354] ACPI: Using IOAPIC for interrupt routing
Sep 18 12:45:53 DESKTOP-UFL758O kernel: [    0.621380] PCI: Using host bridge windows from ACPI; if necessary, use "pci=nocrs" and report a bug
Sep 18 12:45:53 DESKTOP-UFL758O kernel: [    0.621662] ACPI: Enabled 2 GPEs in block 00 to 0F
Sep 18 12:45:53 DESKTOP-UFL758O kernel: [    0.625119] iommu: Default domain type: Translated 
Sep 18 12:45:53 DESKTOP-UFL758O kernel: [    0.625126] iommu: DMA domain TLB invalidation policy: lazy mode 
Sep 18 12:45:53 DESKTOP-UFL758O kernel: [    0.625296] SCSI subsystem initialized
Sep 18 12:45:53 DESKTOP-UFL758O kernel: [    0.625319] ACPI: bus type USB registered
Sep 18 12:45:53 DESKTOP-UFL758O kernel: [    0.625344] usbcore: registered new interface driver usbfs
Sep 18 12:45:53 DESKTOP-UFL758O kernel: [    0.625356] usbcore: registered new interface driver hub
Sep 18 12:45:53 DESKTOP-UFL758O kernel: [    0.625368] usbcore: registered new device driver usb
Sep 18 12:45:53 DESKTOP-UFL758O kernel: [    0.625391] pps_core: LinuxPPS API ver. 1 registered
Sep 18 12:45:53 DESKTOP-UFL758O kernel: [    0.625394] pps_core: Software ver. 5.3.6 - Copyright 2005-2007 Rodolfo Giometti <giometti@linux.it>
Sep 18 12:45:53 DESKTOP-UFL758O kernel: [    0.625399] PTP clock support registered
Sep 18 12:45:53 DESKTOP-UFL758O kernel: [    0.626247] hv_vmbus: Vmbus version:5.3
Sep 18 12:45:53 DESKTOP-UFL758O kernel: [    0.626247] PCI: Using ACPI for IRQ routing
Sep 18 12:45:53 DESKTOP-UFL758O kernel: [    0.626247] PCI: System does not support PCI
Sep 18 12:45:53 DESKTOP-UFL758O kernel: [    0.626247] hv_vmbus: Unknown GUID: c376c1c3-d276-48d2-90a9-c04748072c60
Sep 18 12:45:53 DESKTOP-UFL758O kernel: [    0.626247] hv_vmbus: Unknown GUID: 6e382d18-3336-4f4b-acc4-2b7703d4df4a
Sep 18 12:45:53 DESKTOP-UFL758O kernel: [    0.626247] hv_vmbus: Unknown GUID: dde9cbc0-5060-4436-9448-ea1254a5d177
Sep 18 12:45:53 DESKTOP-UFL758O kernel: [    0.626247] clocksource: Switched to clocksource tsc-early
Sep 18 12:45:53 DESKTOP-UFL758O kernel: [    0.654176] VFS: Disk quotas dquot_6.6.0
Sep 18 12:45:53 DESKTOP-UFL758O kernel: [    0.654205] VFS: Dquot-cache hash table entries: 512 (order 0, 4096 bytes)
Sep 18 12:45:53 DESKTOP-UFL758O kernel: [    0.654243] FS-Cache: Loaded
Sep 18 12:45:53 DESKTOP-UFL758O kernel: [    0.654300] pnp: PnP ACPI init
Sep 18 12:45:53 DESKTOP-UFL758O kernel: [    0.654727] pnp: PnP ACPI: found 1 devices
Sep 18 12:45:53 DESKTOP-UFL758O kernel: [    0.742449] NET: Registered PF_INET protocol family
Sep 18 12:45:53 DESKTOP-UFL758O kernel: [    0.742592] IP idents hash table entries: 65536 (order: 7, 524288 bytes, linear)
Sep 18 12:45:53 DESKTOP-UFL758O kernel: [    0.743588] tcp_listen_portaddr_hash hash table entries: 2048 (order: 3, 32768 bytes, linear)
Sep 18 12:45:53 DESKTOP-UFL758O kernel: [    0.743605] Table-perturb hash table entries: 65536 (order: 6, 262144 bytes, linear)
Sep 18 12:45:53 DESKTOP-UFL758O kernel: [    0.743611] TCP established hash table entries: 32768 (order: 6, 262144 bytes, linear)
Sep 18 12:45:53 DESKTOP-UFL758O kernel: [    0.746953] TCP bind hash table entries: 32768 (order: 7, 524288 bytes, linear)
Sep 18 12:45:53 DESKTOP-UFL758O kernel: [    0.747057] TCP: Hash tables configured (established 32768 bind 32768)
Sep 18 12:45:53 DESKTOP-UFL758O kernel: [    0.747123] UDP hash table entries: 2048 (order: 4, 65536 bytes, linear)
Sep 18 12:45:53 DESKTOP-UFL758O kernel: [    0.747143] UDP-Lite hash table entries: 2048 (order: 4, 65536 bytes, linear)
Sep 18 12:45:53 DESKTOP-UFL758O kernel: [    0.747200] NET: Registered PF_UNIX/PF_LOCAL protocol family
Sep 18 12:45:53 DESKTOP-UFL758O kernel: [    0.761266] RPC: Registered named UNIX socket transport module.
Sep 18 12:45:53 DESKTOP-UFL758O kernel: [    0.761276] RPC: Registered udp transport module.
Sep 18 12:45:53 DESKTOP-UFL758O kernel: [    0.761278] RPC: Registered tcp transport module.
Sep 18 12:45:53 DESKTOP-UFL758O kernel: [    0.761280] RPC: Registered tcp NFSv4.1 backchannel transport module.
Sep 18 12:45:53 DESKTOP-UFL758O kernel: [    0.761288] PCI: CLS 0 bytes, default 64
Sep 18 12:45:53 DESKTOP-UFL758O kernel: [    0.761301] PCI-DMA: Using software bounce buffering for IO (SWIOTLB)
Sep 18 12:45:53 DESKTOP-UFL758O kernel: [    0.761304] software IO TLB: mapped [mem 0x00000000f0000000-0x00000000f4000000] (64MB)
Sep 18 12:45:53 DESKTOP-UFL758O kernel: [    0.761478] KVM: vmx: using Hyper-V Enlightened VMCS
Sep 18 12:45:53 DESKTOP-UFL758O kernel: [    0.811098] Trying to unpack rootfs image as initramfs...
Sep 18 12:45:53 DESKTOP-UFL758O kernel: [    0.832139] Freeing initrd memory: 1936K
Sep 18 12:45:53 DESKTOP-UFL758O kernel: [    1.315052] kvm: already loaded the other module
Sep 18 12:45:53 DESKTOP-UFL758O kernel: [    1.316442] Initialise system trusted keyrings
Sep 18 12:45:53 DESKTOP-UFL758O kernel: [    1.316629] workingset: timestamp_bits=46 max_order=20 bucket_order=0
Sep 18 12:45:53 DESKTOP-UFL758O kernel: [    1.318505] squashfs: version 4.0 (2009/01/31) Phillip Lougher
Sep 18 12:45:53 DESKTOP-UFL758O kernel: [    1.320129] NFS: Registering the id_resolver key type
Sep 18 12:45:53 DESKTOP-UFL758O kernel: [    1.320143] Key type id_resolver registered
Sep 18 12:45:53 DESKTOP-UFL758O kernel: [    1.320145] Key type id_legacy registered
Sep 18 12:45:53 DESKTOP-UFL758O kernel: [    1.320151] nfs4filelayout_init: NFSv4 File Layout Driver Registering...
Sep 18 12:45:53 DESKTOP-UFL758O kernel: [    1.320157] nfs4flexfilelayout_init: NFSv4 Flexfile Layout Driver Registering...
Sep 18 12:45:53 DESKTOP-UFL758O kernel: [    1.320160] Installing knfsd (copyright (C) 1996 okir@monad.swb.de).
Sep 18 12:45:53 DESKTOP-UFL758O kernel: [    1.322870] Key type cifs.idmap registered
Sep 18 12:45:53 DESKTOP-UFL758O kernel: [    1.322944] fuse: init (API version 7.34)
Sep 18 12:45:53 DESKTOP-UFL758O kernel: [    1.323078] SGI XFS with ACLs, security attributes, realtime, scrub, repair, quota, no debug enabled
Sep 18 12:45:53 DESKTOP-UFL758O kernel: [    1.323592] 9p: Installing v9fs 9p2000 file system support
Sep 18 12:45:53 DESKTOP-UFL758O kernel: [    1.323611] FS-Cache: Netfs '9p' registered for caching
Sep 18 12:45:53 DESKTOP-UFL758O kernel: [    1.323694] FS-Cache: Netfs 'ceph' registered for caching
Sep 18 12:45:53 DESKTOP-UFL758O kernel: [    1.323699] ceph: loaded (mds proto 32)
Sep 18 12:45:53 DESKTOP-UFL758O kernel: [    1.341353] NET: Registered PF_ALG protocol family
Sep 18 12:45:53 DESKTOP-UFL758O kernel: [    1.341365] xor: measuring software checksum speed
Sep 18 12:45:53 DESKTOP-UFL758O kernel: [    1.342377]    prefetch64-sse  : 10664 MB/sec
Sep 18 12:45:53 DESKTOP-UFL758O kernel: [    1.343472]    generic_sse     :  9042 MB/sec
Sep 18 12:45:53 DESKTOP-UFL758O kernel: [    1.343475] xor: using function: prefetch64-sse (10664 MB/sec)
Sep 18 12:45:53 DESKTOP-UFL758O kernel: [    1.343487] Key type asymmetric registered
Sep 18 12:45:53 DESKTOP-UFL758O kernel: [    1.343490] Asymmetric key parser 'x509' registered
Sep 18 12:45:53 DESKTOP-UFL758O kernel: [    1.343560] Block layer SCSI generic (bsg) driver version 0.4 loaded (major 248)
Sep 18 12:45:53 DESKTOP-UFL758O kernel: [    1.343843] hv_vmbus: registering driver hv_pci
Sep 18 12:45:53 DESKTOP-UFL758O kernel: [    1.345970] hv_pci 2a42b99d-6308-449a-b9fd-9273666323a0: PCI VMBus probing: Using version 0x10004
Sep 18 12:45:53 DESKTOP-UFL758O kernel: [    1.348661] hv_pci 2a42b99d-6308-449a-b9fd-9273666323a0: PCI host bridge to bus 6308:00
Sep 18 12:45:53 DESKTOP-UFL758O kernel: [    1.348668] pci_bus 6308:00: root bus resource [mem 0x9ffe00000-0x9ffe02fff window]
Sep 18 12:45:53 DESKTOP-UFL758O kernel: [    1.348673] pci_bus 6308:00: No busn resource found for root bus, will use [bus 00-ff]
Sep 18 12:45:53 DESKTOP-UFL758O kernel: [    1.351162] pci 6308:00:00.0: [1af4:1043] type 00 class 0x010000
Sep 18 12:45:53 DESKTOP-UFL758O kernel: [    1.353924] pci 6308:00:00.0: reg 0x10: [mem 0x9ffe00000-0x9ffe00fff 64bit]
Sep 18 12:45:53 DESKTOP-UFL758O kernel: [    1.355728] pci 6308:00:00.0: reg 0x18: [mem 0x9ffe01000-0x9ffe01fff 64bit]
Sep 18 12:45:53 DESKTOP-UFL758O kernel: [    1.357564] pci 6308:00:00.0: reg 0x20: [mem 0x9ffe02000-0x9ffe02fff 64bit]
Sep 18 12:45:53 DESKTOP-UFL758O kernel: [    1.366581] pci_bus 6308:00: busn_res: [bus 00-ff] end is updated to 00
Sep 18 12:45:53 DESKTOP-UFL758O kernel: [    1.366595] pci 6308:00:00.0: BAR 0: assigned [mem 0x9ffe00000-0x9ffe00fff 64bit]
Sep 18 12:45:53 DESKTOP-UFL758O kernel: [    1.367868] pci 6308:00:00.0: BAR 2: assigned [mem 0x9ffe01000-0x9ffe01fff 64bit]
Sep 18 12:45:53 DESKTOP-UFL758O kernel: [    1.369122] pci 6308:00:00.0: BAR 4: assigned [mem 0x9ffe02000-0x9ffe02fff 64bit]
Sep 18 12:45:53 DESKTOP-UFL758O kernel: [    1.371078] hv_pci 4683a097-cb62-4896-b240-3d87b2703050: PCI VMBus probing: Using version 0x10004
Sep 18 12:45:53 DESKTOP-UFL758O kernel: [    1.372678] hv_pci 4683a097-cb62-4896-b240-3d87b2703050: PCI host bridge to bus cb62:00
Sep 18 12:45:53 DESKTOP-UFL758O kernel: [    1.372685] pci_bus cb62:00: No busn resource found for root bus, will use [bus 00-ff]
Sep 18 12:45:53 DESKTOP-UFL758O kernel: [    1.373756] pci cb62:00:00.0: [1414:008e] type 00 class 0x030200
Sep 18 12:45:53 DESKTOP-UFL758O kernel: [    1.386616] pci_bus cb62:00: busn_res: [bus 00-ff] end is updated to 00
Sep 18 12:45:53 DESKTOP-UFL758O kernel: [    1.387281] hv_pci 0cf1a459-310a-4b49-90ba-95653cf82dde: PCI VMBus probing: Using version 0x10004
Sep 18 12:45:53 DESKTOP-UFL758O kernel: [    1.389748] hv_pci 0cf1a459-310a-4b49-90ba-95653cf82dde: PCI host bridge to bus 310a:00
Sep 18 12:45:53 DESKTOP-UFL758O kernel: [    1.389754] pci_bus 310a:00: root bus resource [mem 0x9ffe04000-0x9ffe06fff window]
Sep 18 12:45:53 DESKTOP-UFL758O kernel: [    1.389760] pci_bus 310a:00: No busn resource found for root bus, will use [bus 00-ff]
Sep 18 12:45:53 DESKTOP-UFL758O kernel: [    1.392552] pci 310a:00:00.0: [1af4:1049] type 00 class 0x010000
Sep 18 12:45:53 DESKTOP-UFL758O kernel: [    1.395324] pci 310a:00:00.0: reg 0x10: [mem 0x9ffe04000-0x9ffe04fff 64bit]
Sep 18 12:45:53 DESKTOP-UFL758O kernel: [    1.397213] pci 310a:00:00.0: reg 0x18: [mem 0x9ffe05000-0x9ffe05fff 64bit]
Sep 18 12:45:53 DESKTOP-UFL758O kernel: [    1.399108] pci 310a:00:00.0: reg 0x20: [mem 0x9ffe06000-0x9ffe06fff 64bit]
Sep 18 12:45:53 DESKTOP-UFL758O kernel: [    1.409661] pci_bus 310a:00: busn_res: [bus 00-ff] end is updated to 00
Sep 18 12:45:53 DESKTOP-UFL758O kernel: [    1.409675] pci 310a:00:00.0: BAR 0: assigned [mem 0x9ffe04000-0x9ffe04fff 64bit]
Sep 18 12:45:53 DESKTOP-UFL758O kernel: [    1.411055] pci 310a:00:00.0: BAR 2: assigned [mem 0x9ffe05000-0x9ffe05fff 64bit]
Sep 18 12:45:53 DESKTOP-UFL758O kernel: [    1.412411] pci 310a:00:00.0: BAR 4: assigned [mem 0x9ffe06000-0x9ffe06fff 64bit]
Sep 18 12:45:53 DESKTOP-UFL758O kernel: [    1.414179] ACPI: AC: AC Adapter [AC1] (on-line)
Sep 18 12:45:53 DESKTOP-UFL758O kernel: [    1.415552] ACPI: battery: Slot [BAT1] (battery present)
Sep 18 12:45:53 DESKTOP-UFL758O kernel: [    1.437423] Serial: 8250/16550 driver, 4 ports, IRQ sharing disabled
Sep 18 12:45:53 DESKTOP-UFL758O kernel: [    1.552399] Non-volatile memory driver v1.3
Sep 18 12:45:53 DESKTOP-UFL758O kernel: [    1.552559] [drm] Initialized vgem 1.0.0 20120112 for vgem on minor 0
Sep 18 12:45:53 DESKTOP-UFL758O kernel: [    1.556823] printk: console [hvc0] enabled
Sep 18 12:45:53 DESKTOP-UFL758O kernel: [    1.557064] brd: module loaded
Sep 18 12:45:53 DESKTOP-UFL758O kernel: [    1.559188] loop: module loaded
Sep 18 12:45:53 DESKTOP-UFL758O kernel: [    1.560092] hv_vmbus: registering driver hv_storvsc
Sep 18 12:45:53 DESKTOP-UFL758O kernel: [    1.561330] wireguard: WireGuard 1.0.0 loaded. See www.wireguard.com for information.
Sep 18 12:45:53 DESKTOP-UFL758O kernel: [    1.563134] wireguard: Copyright (C) 2015-2019 Jason A. Donenfeld <Jason@zx2c4.com>. All Rights Reserved.
Sep 18 12:45:53 DESKTOP-UFL758O kernel: [    1.563937] scsi host0: storvsc_host_t
Sep 18 12:45:53 DESKTOP-UFL758O kernel: [    1.564854] tun: Universal TUN/TAP device driver, 1.6
Sep 18 12:45:53 DESKTOP-UFL758O kernel: [    1.575188] PPP generic driver version 2.4.2
Sep 18 12:45:53 DESKTOP-UFL758O kernel: [    1.578319] PPP BSD Compression module registered
Sep 18 12:45:53 DESKTOP-UFL758O kernel: [    1.579925] PPP Deflate Compression module registered
Sep 18 12:45:53 DESKTOP-UFL758O kernel: [    1.582249] PPP MPPE Compression module registered
Sep 18 12:45:53 DESKTOP-UFL758O kernel: [    1.583689] NET: Registered PF_PPPOX protocol family
Sep 18 12:45:53 DESKTOP-UFL758O kernel: [    1.585175] usbcore: registered new interface driver cdc_ether
Sep 18 12:45:53 DESKTOP-UFL758O kernel: [    1.587327] usbcore: registered new interface driver cdc_ncm
Sep 18 12:45:53 DESKTOP-UFL758O kernel: [    1.588889] usbcore: registered new interface driver r8153_ecm
Sep 18 12:45:53 DESKTOP-UFL758O kernel: [    1.589966] hv_vmbus: registering driver hv_netvsc
Sep 18 12:45:53 DESKTOP-UFL758O kernel: [    1.591990] VFIO - User Level meta-driver version: 0.3
Sep 18 12:45:53 DESKTOP-UFL758O kernel: [    1.593685] usbcore: registered new interface driver cdc_acm
Sep 18 12:45:53 DESKTOP-UFL758O kernel: [    1.595376] cdc_acm: USB Abstract Control Model driver for USB modems and ISDN adapters
Sep 18 12:45:53 DESKTOP-UFL758O kernel: [    1.597514] usbcore: registered new interface driver ch341
Sep 18 12:45:53 DESKTOP-UFL758O kernel: [    1.599252] usbserial: USB Serial support registered for ch341-uart
Sep 18 12:45:53 DESKTOP-UFL758O kernel: [    1.602631] usbcore: registered new interface driver cp210x
Sep 18 12:45:53 DESKTOP-UFL758O kernel: [    1.603723] usbserial: USB Serial support registered for cp210x
Sep 18 12:45:53 DESKTOP-UFL758O kernel: [    1.604863] usbcore: registered new interface driver ftdi_sio
Sep 18 12:45:53 DESKTOP-UFL758O kernel: [    1.606041] usbserial: USB Serial support registered for FTDI USB Serial Device
Sep 18 12:45:53 DESKTOP-UFL758O kernel: [    1.608706] vhci_hcd vhci_hcd.0: USB/IP Virtual Host Controller
Sep 18 12:45:53 DESKTOP-UFL758O kernel: [    1.610176] vhci_hcd vhci_hcd.0: new USB bus registered, assigned bus number 1
Sep 18 12:45:53 DESKTOP-UFL758O kernel: [    1.612081] vhci_hcd: created sysfs vhci_hcd.0
Sep 18 12:45:53 DESKTOP-UFL758O kernel: [    1.613323] usb usb1: New USB device found, idVendor=1d6b, idProduct=0002, bcdDevice= 5.15
Sep 18 12:45:53 DESKTOP-UFL758O kernel: [    1.615120] usb usb1: New USB device strings: Mfr=3, Product=2, SerialNumber=1
Sep 18 12:45:53 DESKTOP-UFL758O kernel: [    1.616909] usb usb1: Product: USB/IP Virtual Host Controller
Sep 18 12:45:53 DESKTOP-UFL758O kernel: [    1.618444] usb usb1: Manufacturer: Linux 5.15.90.1-microsoft-standard-WSL2 vhci_hcd
Sep 18 12:45:53 DESKTOP-UFL758O kernel: [    1.620295] usb usb1: SerialNumber: vhci_hcd.0
Sep 18 12:45:53 DESKTOP-UFL758O kernel: [    1.623847] hub 1-0:1.0: USB hub found
Sep 18 12:45:53 DESKTOP-UFL758O kernel: [    1.624741] hub 1-0:1.0: 8 ports detected
Sep 18 12:45:53 DESKTOP-UFL758O kernel: [    1.625533] vhci_hcd vhci_hcd.0: USB/IP Virtual Host Controller
Sep 18 12:45:53 DESKTOP-UFL758O kernel: [    1.626622] vhci_hcd vhci_hcd.0: new USB bus registered, assigned bus number 2
Sep 18 12:45:53 DESKTOP-UFL758O kernel: [    1.627966] usb usb2: We don't know the algorithms for LPM for this host, disabling LPM.
Sep 18 12:45:53 DESKTOP-UFL758O kernel: [    1.629295] usb usb2: New USB device found, idVendor=1d6b, idProduct=0003, bcdDevice= 5.15
Sep 18 12:45:53 DESKTOP-UFL758O kernel: [    1.630946] usb usb2: New USB device strings: Mfr=3, Product=2, SerialNumber=1
Sep 18 12:45:53 DESKTOP-UFL758O kernel: [    1.632995] usb usb2: Product: USB/IP Virtual Host Controller
Sep 18 12:45:53 DESKTOP-UFL758O kernel: [    1.634585] usb usb2: Manufacturer: Linux 5.15.90.1-microsoft-standard-WSL2 vhci_hcd
Sep 18 12:45:53 DESKTOP-UFL758O kernel: [    1.635985] usb usb2: SerialNumber: vhci_hcd.0
Sep 18 12:45:53 DESKTOP-UFL758O kernel: [    1.637116] hub 2-0:1.0: USB hub found
Sep 18 12:45:53 DESKTOP-UFL758O kernel: [    1.637997] hub 2-0:1.0: 8 ports detected
Sep 18 12:45:53 DESKTOP-UFL758O kernel: [    1.638885] hv_vmbus: registering driver hyperv_keyboard
Sep 18 12:45:53 DESKTOP-UFL758O kernel: [    1.640205] rtc_cmos 00:00: RTC can wake from S4
Sep 18 12:45:53 DESKTOP-UFL758O kernel: [    1.648163] rtc_cmos 00:00: registered as rtc0
Sep 18 12:45:53 DESKTOP-UFL758O kernel: [    1.650249] rtc_cmos 00:00: setting system clock to 2023-09-18T11:45:30 UTC (1695037530)
Sep 18 12:45:53 DESKTOP-UFL758O kernel: [    1.652473] rtc_cmos 00:00: alarms up to one month, 114 bytes nvram
Sep 18 12:45:53 DESKTOP-UFL758O kernel: [    1.654149] device-mapper: ioctl: 4.45.0-ioctl (2021-03-22) initialised: dm-devel@redhat.com
Sep 18 12:45:53 DESKTOP-UFL758O kernel: [    1.656187] device-mapper: raid: Loading target version 1.15.1
Sep 18 12:45:53 DESKTOP-UFL758O kernel: [    1.657530] usbcore: registered new interface driver usbhid
Sep 18 12:45:53 DESKTOP-UFL758O kernel: [    1.658544] usbhid: USB HID core driver
Sep 18 12:45:53 DESKTOP-UFL758O kernel: [    1.659493] hv_utils: Registering HyperV Utility Driver
Sep 18 12:45:53 DESKTOP-UFL758O kernel: [    1.660631] hv_vmbus: registering driver hv_utils
Sep 18 12:45:53 DESKTOP-UFL758O kernel: [    1.661856] hv_vmbus: registering driver hv_balloon
Sep 18 12:45:53 DESKTOP-UFL758O kernel: [    1.663074] hv_vmbus: registering driver dxgkrnl
Sep 18 12:45:53 DESKTOP-UFL758O kernel: [    1.663927] hv_utils: TimeSync IC version 4.0
Sep 18 12:45:53 DESKTOP-UFL758O kernel: [    1.666876] drop_monitor: Initializing network drop monitor service
Sep 18 12:45:53 DESKTOP-UFL758O kernel: [    1.666907] Mirror/redirect action on
Sep 18 12:45:53 DESKTOP-UFL758O kernel: [    1.666918] u32 classifier
Sep 18 12:45:53 DESKTOP-UFL758O kernel: [    1.666919]     Performance counters on
Sep 18 12:45:53 DESKTOP-UFL758O kernel: [    1.666920]     input device check on
Sep 18 12:45:53 DESKTOP-UFL758O kernel: [    1.666921]     Actions configured
Sep 18 12:45:53 DESKTOP-UFL758O kernel: [    1.667414] IPVS: Registered protocols (TCP, UDP)
Sep 18 12:45:53 DESKTOP-UFL758O kernel: [    1.667507] IPVS: Connection hash table configured (size=4096, memory=32Kbytes)
Sep 18 12:45:53 DESKTOP-UFL758O kernel: [    1.668208] IPVS: ipvs loaded.
Sep 18 12:45:53 DESKTOP-UFL758O kernel: [    1.679124] hv_balloon: Using Dynamic Memory protocol version 2.0
Sep 18 12:45:53 DESKTOP-UFL758O kernel: [    1.687090] IPVS: [rr] scheduler registered.
Sep 18 12:45:53 DESKTOP-UFL758O kernel: [    1.687096] IPVS: [wrr] scheduler registered.
Sep 18 12:45:53 DESKTOP-UFL758O kernel: [    1.687098] IPVS: [sh] scheduler registered.
Sep 18 12:45:53 DESKTOP-UFL758O kernel: [    1.687184] ipip: IPv4 and MPLS over IPv4 tunneling driver
Sep 18 12:45:53 DESKTOP-UFL758O kernel: [    1.687224] ipt_CLUSTERIP: ClusterIP Version 0.8 loaded successfully
Sep 18 12:45:53 DESKTOP-UFL758O kernel: [    1.687233] Initializing XFRM netlink socket
Sep 18 12:45:53 DESKTOP-UFL758O kernel: [    1.687376] NET: Registered PF_INET6 protocol family
Sep 18 12:45:53 DESKTOP-UFL758O kernel: [    1.691483] Segment Routing with IPv6
Sep 18 12:45:53 DESKTOP-UFL758O kernel: [    1.712425] Free page reporting enabled
Sep 18 12:45:53 DESKTOP-UFL758O kernel: [    1.713520] In-situ OAM (IOAM) with IPv6
Sep 18 12:45:53 DESKTOP-UFL758O kernel: [    1.713639] sit: IPv6, IPv4 and MPLS over IPv4 tunneling driver
Sep 18 12:45:53 DESKTOP-UFL758O kernel: [    1.713646] NET: Registered PF_PACKET protocol family
Sep 18 12:45:53 DESKTOP-UFL758O kernel: [    1.713697] Bridge firewalling registered
Sep 18 12:45:53 DESKTOP-UFL758O kernel: [    1.713712] 8021q: 802.1Q VLAN Support v1.8
Sep 18 12:45:53 DESKTOP-UFL758O kernel: [    1.713757] sctp: Hash tables configured (bind 256/256)
Sep 18 12:45:53 DESKTOP-UFL758O kernel: [    1.714005] 9pnet: Installing 9P2000 support
Sep 18 12:45:53 DESKTOP-UFL758O kernel: [    1.745582] hv_balloon: Cold memory discard hint enabled with order 9
Sep 18 12:45:53 DESKTOP-UFL758O kernel: [    1.832935] Key type dns_resolver registered
Sep 18 12:45:53 DESKTOP-UFL758O kernel: [    1.834098] Key type ceph registered
Sep 18 12:45:53 DESKTOP-UFL758O kernel: [    1.835001] libceph: loaded (mon/osd proto 15/24)
Sep 18 12:45:53 DESKTOP-UFL758O kernel: [    1.836041] NET: Registered PF_VSOCK protocol family
Sep 18 12:45:53 DESKTOP-UFL758O kernel: [    1.836982] hv_vmbus: registering driver hv_sock
Sep 18 12:45:53 DESKTOP-UFL758O kernel: [    1.838086] IPI shorthand broadcast: enabled
Sep 18 12:45:53 DESKTOP-UFL758O kernel: [    1.839049] sched_clock: Marking stable (1812132936, 22839300)->(1895479900, -60507664)
Sep 18 12:45:53 DESKTOP-UFL758O kernel: [    1.841270] registered taskstats version 1
Sep 18 12:45:53 DESKTOP-UFL758O kernel: [    1.842200] Loading compiled-in X.509 certificates
Sep 18 12:45:53 DESKTOP-UFL758O kernel: [    1.843704] Btrfs loaded, crc32c=crc32c-generic, zoned=no, fsverity=no
Sep 18 12:45:53 DESKTOP-UFL758O kernel: [    1.850715] Freeing unused kernel image (initmem) memory: 2008K
Sep 18 12:45:53 DESKTOP-UFL758O kernel: [    1.890951] Write protecting the kernel read-only data: 30720k
Sep 18 12:45:53 DESKTOP-UFL758O kernel: [    1.893099] Freeing unused kernel image (text/rodata gap) memory: 2024K
Sep 18 12:45:53 DESKTOP-UFL758O kernel: [    1.894639] Freeing unused kernel image (rodata/data gap) memory: 464K
Sep 18 12:45:53 DESKTOP-UFL758O kernel: [    1.895836] Run /init as init process
Sep 18 12:45:53 DESKTOP-UFL758O kernel: [    1.896476]   with arguments:
Sep 18 12:45:53 DESKTOP-UFL758O kernel: [    1.897193]     /init
Sep 18 12:45:53 DESKTOP-UFL758O kernel: [    1.897722]   with environment:
Sep 18 12:45:53 DESKTOP-UFL758O kernel: [    1.898516]     HOME=/
Sep 18 12:45:53 DESKTOP-UFL758O kernel: [    1.899017]     TERM=linux
Sep 18 12:45:53 DESKTOP-UFL758O kernel: [    1.899611]     WSL_ROOT_INIT=1
Sep 18 12:45:53 DESKTOP-UFL758O kernel: [    1.928046] scsi 0:0:0:0: Direct-Access     Msft     Virtual Disk     1.0  PQ: 0 ANSI: 5
Sep 18 12:45:53 DESKTOP-UFL758O kernel: [    1.932149] sd 0:0:0:0: Attached scsi generic sg0 type 0
Sep 18 12:45:53 DESKTOP-UFL758O kernel: [    1.934053] sd 0:0:0:0: [sda] 744080 512-byte logical blocks: (381 MB/363 MiB)
Sep 18 12:45:53 DESKTOP-UFL758O kernel: [    1.935530] sd 0:0:0:0: [sda] Write Protect is on
Sep 18 12:45:53 DESKTOP-UFL758O kernel: [    1.936445] sd 0:0:0:0: [sda] Mode Sense: 0f 00 80 00
Sep 18 12:45:53 DESKTOP-UFL758O kernel: [    1.937725] sd 0:0:0:0: [sda] Write cache: disabled, read cache: enabled, doesn't support DPO or FUA
Sep 18 12:45:53 DESKTOP-UFL758O kernel: [    2.390981] clocksource: tsc: mask: 0xffffffffffffffff max_cycles: 0xfc66d6d9ff, max_idle_ns: 440795228903 ns
Sep 18 12:45:53 DESKTOP-UFL758O kernel: [    2.410721] clocksource: Switched to clocksource tsc
Sep 18 12:45:53 DESKTOP-UFL758O kernel: [    2.602188] EXT4-fs (sda): mounted filesystem without journal. Opts: (null). Quota mode: none.
Sep 18 12:45:53 DESKTOP-UFL758O kernel: [    2.761566] sd 0:0:0:0: [sda] Attached SCSI disk
Sep 18 12:45:53 DESKTOP-UFL758O kernel: [    2.767576] IPv6: ADDRCONF(NETDEV_CHANGE): eth0: link becomes ready
Sep 18 12:45:53 DESKTOP-UFL758O kernel: [    3.474909] hv_pci 84668f49-631a-40c9-b53b-6651d47e8b50: PCI VMBus probing: Using version 0x10004
Sep 18 12:45:53 DESKTOP-UFL758O kernel: [    3.482338] hv_pci 84668f49-631a-40c9-b53b-6651d47e8b50: PCI host bridge to bus 631a:00
Sep 18 12:45:53 DESKTOP-UFL758O kernel: [    3.483699] pci_bus 631a:00: root bus resource [mem 0xc00000000-0xe00001fff window]
Sep 18 12:45:53 DESKTOP-UFL758O kernel: [    3.484928] pci_bus 631a:00: No busn resource found for root bus, will use [bus 00-ff]
Sep 18 12:45:53 DESKTOP-UFL758O kernel: [    3.488994] pci 631a:00:00.0: [1af4:105a] type 00 class 0x088000
Sep 18 12:45:53 DESKTOP-UFL758O kernel: [    3.498333] pci 631a:00:00.0: reg 0x10: [mem 0xe00000000-0xe00000fff 64bit]
Sep 18 12:45:53 DESKTOP-UFL758O kernel: [    3.506360] pci 631a:00:00.0: reg 0x18: [mem 0xe00001000-0xe00001fff 64bit]
Sep 18 12:45:53 DESKTOP-UFL758O kernel: [    3.514933] pci 631a:00:00.0: reg 0x20: [mem 0xc00000000-0xdffffffff 64bit]
Sep 18 12:45:53 DESKTOP-UFL758O kernel: [    3.531609] pci_bus 631a:00: busn_res: [bus 00-ff] end is updated to 00
Sep 18 12:45:53 DESKTOP-UFL758O kernel: [    3.532727] pci 631a:00:00.0: BAR 4: assigned [mem 0xc00000000-0xdffffffff 64bit]
Sep 18 12:45:53 DESKTOP-UFL758O kernel: [    3.540329] pci 631a:00:00.0: BAR 0: assigned [mem 0xe00000000-0xe00000fff 64bit]
Sep 18 12:45:53 DESKTOP-UFL758O kernel: [    3.547977] pci 631a:00:00.0: BAR 2: assigned [mem 0xe00001000-0xe00001fff 64bit]
Sep 18 12:45:53 DESKTOP-UFL758O kernel: [    3.592064] virtiofs virtio2: Cache len: 0x200000000 @ 0xc00000000
Sep 18 12:45:53 DESKTOP-UFL758O kernel: [    3.730235] memmap_init_zone_device initialised 2097152 pages in 90ms
Sep 18 12:45:53 DESKTOP-UFL758O kernel: [    3.758411] FS-Cache: Duplicate cookie detected
Sep 18 12:45:53 DESKTOP-UFL758O kernel: [    3.759547] FS-Cache: O-cookie c=00000004 [p=00000002 fl=222 nc=0 na=1]
Sep 18 12:45:53 DESKTOP-UFL758O kernel: [    3.761102] FS-Cache: O-cookie d=00000000e7e7627a{9P.session} n=000000001842868e
Sep 18 12:45:53 DESKTOP-UFL758O kernel: [    3.762514] FS-Cache: O-key=[10] '34323934393337363136'
Sep 18 12:45:53 DESKTOP-UFL758O kernel: [    3.763476] FS-Cache: N-cookie c=00000005 [p=00000002 fl=2 nc=0 na=1]
Sep 18 12:45:53 DESKTOP-UFL758O kernel: [    3.764658] FS-Cache: N-cookie d=00000000e7e7627a{9P.session} n=000000009a181f1f
Sep 18 12:45:53 DESKTOP-UFL758O kernel: [    3.766029] FS-Cache: N-key=[10] '34323934393337363136'
Sep 18 12:45:53 DESKTOP-UFL758O kernel: [    4.221402] scsi 0:0:0:1: Direct-Access     Msft     Virtual Disk     1.0  PQ: 0 ANSI: 5
Sep 18 12:45:53 DESKTOP-UFL758O kernel: [    4.223604] sd 0:0:0:1: Attached scsi generic sg1 type 0
Sep 18 12:45:53 DESKTOP-UFL758O kernel: [    4.224696] scsi 0:0:0:2: Direct-Access     Msft     Virtual Disk     1.0  PQ: 0 ANSI: 5
Sep 18 12:45:53 DESKTOP-UFL758O kernel: [    4.226155] sd 0:0:0:1: [sdb] 2097160 512-byte logical blocks: (1.07 GB/1.00 GiB)
Sep 18 12:45:53 DESKTOP-UFL758O kernel: [    4.227445] sd 0:0:0:1: [sdb] 4096-byte physical blocks
Sep 18 12:45:53 DESKTOP-UFL758O kernel: [    4.228414] sd 0:0:0:2: Attached scsi generic sg2 type 0
Sep 18 12:45:53 DESKTOP-UFL758O kernel: [    4.228470] sd 0:0:0:1: [sdb] Write Protect is off
Sep 18 12:45:53 DESKTOP-UFL758O kernel: [    4.229976] sd 0:0:0:1: [sdb] Mode Sense: 0f 00 00 00
Sep 18 12:45:53 DESKTOP-UFL758O kernel: [    4.231264] sd 0:0:0:1: [sdb] Write cache: enabled, read cache: enabled, doesn't support DPO or FUA
Sep 18 12:45:53 DESKTOP-UFL758O kernel: [    4.233236] sd 0:0:0:2: [sdc] 2147483648 512-byte logical blocks: (1.10 TB/1.00 TiB)
Sep 18 12:45:53 DESKTOP-UFL758O kernel: [    4.234365] sd 0:0:0:2: [sdc] 4096-byte physical blocks
Sep 18 12:45:53 DESKTOP-UFL758O kernel: [    4.235320] sd 0:0:0:2: [sdc] Write Protect is off
Sep 18 12:45:53 DESKTOP-UFL758O kernel: [    4.236066] sd 0:0:0:2: [sdc] Mode Sense: 0f 00 00 00
Sep 18 12:45:53 DESKTOP-UFL758O kernel: [    4.237145] sd 0:0:0:2: [sdc] Write cache: enabled, read cache: enabled, doesn't support DPO or FUA
Sep 18 12:45:53 DESKTOP-UFL758O kernel: [    4.245321] sd 0:0:0:1: [sdb] Attached SCSI disk
Sep 18 12:45:53 DESKTOP-UFL758O kernel: [    4.279703] sd 0:0:0:2: [sdc] Attached SCSI disk
Sep 18 12:45:53 DESKTOP-UFL758O kernel: [    4.734174] EXT4-fs (sdc): mounted filesystem with ordered data mode. Opts: discard,errors=remount-ro,data=ordered. Quota mode: none.
Sep 18 12:45:53 DESKTOP-UFL758O kernel: [    6.439323] Adding 1048576k swap on /dev/sdb.  Priority:-2 extents:1 across:1048576k 
Sep 18 12:45:53 DESKTOP-UFL758O kernel: [    8.232524] hv_pci cbb06908-9ec3-4c5a-b8b0-cec07295f6e3: PCI VMBus probing: Using version 0x10004
Sep 18 12:45:53 DESKTOP-UFL758O kernel: [    8.237470] hv_pci cbb06908-9ec3-4c5a-b8b0-cec07295f6e3: PCI host bridge to bus 9ec3:00
Sep 18 12:45:53 DESKTOP-UFL758O kernel: [    8.238905] pci_bus 9ec3:00: root bus resource [mem 0x9ffe08000-0x9ffe0afff window]
Sep 18 12:45:53 DESKTOP-UFL758O kernel: [    8.240263] pci_bus 9ec3:00: No busn resource found for root bus, will use [bus 00-ff]
Sep 18 12:45:53 DESKTOP-UFL758O kernel: [    8.244856] pci 9ec3:00:00.0: [1af4:1049] type 00 class 0x010000
Sep 18 12:45:53 DESKTOP-UFL758O kernel: [    8.249377] pci 9ec3:00:00.0: reg 0x10: [mem 0x9ffe08000-0x9ffe08fff 64bit]
Sep 18 12:45:53 DESKTOP-UFL758O kernel: [    8.249789] 9pnet_virtio: no channels available for device drvfs
Sep 18 12:45:53 DESKTOP-UFL758O kernel: [    8.253061] pci 9ec3:00:00.0: reg 0x18: [mem 0x9ffe09000-0x9ffe09fff 64bit]
Sep 18 12:45:53 DESKTOP-UFL758O kernel: [    8.255103] pci 9ec3:00:00.0: reg 0x20: [mem 0x9ffe0a000-0x9ffe0afff 64bit]
Sep 18 12:45:53 DESKTOP-UFL758O kernel: [    8.267518] pci_bus 9ec3:00: busn_res: [bus 00-ff] end is updated to 00
Sep 18 12:45:53 DESKTOP-UFL758O kernel: [    8.282435] pci 9ec3:00:00.0: BAR 0: assigned [mem 0x9ffe08000-0x9ffe08fff 64bit]
